Archive member included to satisfy reference by file (symbol)

/usr/lib/gcc/arm-none-eabi/10.3.1/libgcc.a(_arm_mulsf3.o)
                              system_msp432p401r.o (__aeabi_fmul)
/usr/lib/gcc/arm-none-eabi/10.3.1/libgcc.a(_divsi3.o)
                              system_msp432p401r.o (__aeabi_idiv)
/usr/lib/gcc/arm-none-eabi/10.3.1/libgcc.a(_dvmd_tls.o)
                              /usr/lib/gcc/arm-none-eabi/10.3.1/libgcc.a(_divsi3.o) (__aeabi_idiv0)
/usr/lib/gcc/arm-none-eabi/10.3.1/libgcc.a(_arm_addsubsf3.o)
                              system_msp432p401r.o (__aeabi_fsub)
/usr/lib/gcc/arm-none-eabi/10.3.1/libgcc.a(_arm_muldivsf3.o)
                              system_msp432p401r.o (__aeabi_fdiv)
/usr/lib/gcc/arm-none-eabi/10.3.1/libgcc.a(_arm_fixunssfsi.o)
                              system_msp432p401r.o (__aeabi_f2uiz)
/usr/lib/gcc/arm-none-eabi/10.3.1/../../../arm-none-eabi/lib/libc.a(lib_a-atexit.o)
                              /usr/lib/gcc/arm-none-eabi/10.3.1/../../../arm-none-eabi/lib/crt0.o (atexit)
/usr/lib/gcc/arm-none-eabi/10.3.1/../../../arm-none-eabi/lib/libc.a(lib_a-exit.o)
                              /usr/lib/gcc/arm-none-eabi/10.3.1/../../../arm-none-eabi/lib/crt0.o (exit)
/usr/lib/gcc/arm-none-eabi/10.3.1/../../../arm-none-eabi/lib/libc.a(lib_a-fini.o)
                              /usr/lib/gcc/arm-none-eabi/10.3.1/../../../arm-none-eabi/lib/crt0.o (__libc_fini_array)
/usr/lib/gcc/arm-none-eabi/10.3.1/../../../arm-none-eabi/lib/libc.a(lib_a-impure.o)
                              /usr/lib/gcc/arm-none-eabi/10.3.1/../../../arm-none-eabi/lib/libc.a(lib_a-exit.o) (_global_impure_ptr)
/usr/lib/gcc/arm-none-eabi/10.3.1/../../../arm-none-eabi/lib/libc.a(lib_a-init.o)
                              /usr/lib/gcc/arm-none-eabi/10.3.1/../../../arm-none-eabi/lib/crt0.o (__libc_init_array)
/usr/lib/gcc/arm-none-eabi/10.3.1/../../../arm-none-eabi/lib/libc.a(lib_a-memset.o)
                              /usr/lib/gcc/arm-none-eabi/10.3.1/../../../arm-none-eabi/lib/crt0.o (memset)
/usr/lib/gcc/arm-none-eabi/10.3.1/../../../arm-none-eabi/lib/libc.a(lib_a-putchar.o)
                              main.o (putchar)
/usr/lib/gcc/arm-none-eabi/10.3.1/../../../arm-none-eabi/lib/libc.a(lib_a-__atexit.o)
                              /usr/lib/gcc/arm-none-eabi/10.3.1/../../../arm-none-eabi/lib/libc.a(lib_a-atexit.o) (__register_exitproc)
/usr/lib/gcc/arm-none-eabi/10.3.1/../../../arm-none-eabi/lib/libc.a(lib_a-__call_atexit.o)
                              /usr/lib/gcc/arm-none-eabi/10.3.1/../../../arm-none-eabi/lib/libc.a(lib_a-exit.o) (__call_exitprocs)
/usr/lib/gcc/arm-none-eabi/10.3.1/../../../arm-none-eabi/lib/libc.a(lib_a-putc.o)
                              /usr/lib/gcc/arm-none-eabi/10.3.1/../../../arm-none-eabi/lib/libc.a(lib_a-putchar.o) (_putc_r)
/usr/lib/gcc/arm-none-eabi/10.3.1/../../../arm-none-eabi/lib/libc.a(lib_a-wbuf.o)
                              /usr/lib/gcc/arm-none-eabi/10.3.1/../../../arm-none-eabi/lib/libc.a(lib_a-putc.o) (__swbuf_r)
/usr/lib/gcc/arm-none-eabi/10.3.1/../../../arm-none-eabi/lib/libc.a(lib_a-wsetup.o)
                              /usr/lib/gcc/arm-none-eabi/10.3.1/../../../arm-none-eabi/lib/libc.a(lib_a-wbuf.o) (__swsetup_r)
/usr/lib/gcc/arm-none-eabi/10.3.1/../../../arm-none-eabi/lib/libc.a(lib_a-fflush.o)
                              /usr/lib/gcc/arm-none-eabi/10.3.1/../../../arm-none-eabi/lib/libc.a(lib_a-wbuf.o) (_fflush_r)
/usr/lib/gcc/arm-none-eabi/10.3.1/../../../arm-none-eabi/lib/libc.a(lib_a-findfp.o)
                              /usr/lib/gcc/arm-none-eabi/10.3.1/../../../arm-none-eabi/lib/libc.a(lib_a-putc.o) (__sinit)
/usr/lib/gcc/arm-none-eabi/10.3.1/../../../arm-none-eabi/lib/libc.a(lib_a-freer.o)
                              /usr/lib/gcc/arm-none-eabi/10.3.1/../../../arm-none-eabi/lib/libc.a(lib_a-wsetup.o) (_free_r)
/usr/lib/gcc/arm-none-eabi/10.3.1/../../../arm-none-eabi/lib/libc.a(lib_a-fwalk.o)
                              /usr/lib/gcc/arm-none-eabi/10.3.1/../../../arm-none-eabi/lib/libc.a(lib_a-findfp.o) (_fwalk)
/usr/lib/gcc/arm-none-eabi/10.3.1/../../../arm-none-eabi/lib/libc.a(lib_a-makebuf.o)
                              /usr/lib/gcc/arm-none-eabi/10.3.1/../../../arm-none-eabi/lib/libc.a(lib_a-wsetup.o) (__smakebuf_r)
/usr/lib/gcc/arm-none-eabi/10.3.1/../../../arm-none-eabi/lib/libc.a(lib_a-mallocr.o)
                              /usr/lib/gcc/arm-none-eabi/10.3.1/../../../arm-none-eabi/lib/libc.a(lib_a-findfp.o) (_malloc_r)
/usr/lib/gcc/arm-none-eabi/10.3.1/../../../arm-none-eabi/lib/libc.a(lib_a-mlock.o)
                              /usr/lib/gcc/arm-none-eabi/10.3.1/../../../arm-none-eabi/lib/libc.a(lib_a-freer.o) (__malloc_lock)
/usr/lib/gcc/arm-none-eabi/10.3.1/../../../arm-none-eabi/lib/libc.a(lib_a-sbrkr.o)
                              /usr/lib/gcc/arm-none-eabi/10.3.1/../../../arm-none-eabi/lib/libc.a(lib_a-freer.o) (_sbrk_r)
/usr/lib/gcc/arm-none-eabi/10.3.1/../../../arm-none-eabi/lib/libc.a(lib_a-stdio.o)
                              /usr/lib/gcc/arm-none-eabi/10.3.1/../../../arm-none-eabi/lib/libc.a(lib_a-findfp.o) (__sread)
/usr/lib/gcc/arm-none-eabi/10.3.1/../../../arm-none-eabi/lib/libc.a(lib_a-writer.o)
                              /usr/lib/gcc/arm-none-eabi/10.3.1/../../../arm-none-eabi/lib/libc.a(lib_a-stdio.o) (_write_r)
/usr/lib/gcc/arm-none-eabi/10.3.1/../../../arm-none-eabi/lib/libc.a(lib_a-closer.o)
                              /usr/lib/gcc/arm-none-eabi/10.3.1/../../../arm-none-eabi/lib/libc.a(lib_a-stdio.o) (_close_r)
/usr/lib/gcc/arm-none-eabi/10.3.1/../../../arm-none-eabi/lib/libc.a(lib_a-fclose.o)
                              /usr/lib/gcc/arm-none-eabi/10.3.1/../../../arm-none-eabi/lib/libc.a(lib_a-findfp.o) (_fclose_r)
/usr/lib/gcc/arm-none-eabi/10.3.1/../../../arm-none-eabi/lib/libc.a(lib_a-fstatr.o)
                              /usr/lib/gcc/arm-none-eabi/10.3.1/../../../arm-none-eabi/lib/libc.a(lib_a-makebuf.o) (_fstat_r)
/usr/lib/gcc/arm-none-eabi/10.3.1/../../../arm-none-eabi/lib/libc.a(lib_a-isattyr.o)
                              /usr/lib/gcc/arm-none-eabi/10.3.1/../../../arm-none-eabi/lib/libc.a(lib_a-makebuf.o) (_isatty_r)
/usr/lib/gcc/arm-none-eabi/10.3.1/../../../arm-none-eabi/lib/libc.a(lib_a-lseekr.o)
                              /usr/lib/gcc/arm-none-eabi/10.3.1/../../../arm-none-eabi/lib/libc.a(lib_a-stdio.o) (_lseek_r)
/usr/lib/gcc/arm-none-eabi/10.3.1/../../../arm-none-eabi/lib/libc.a(lib_a-readr.o)
                              /usr/lib/gcc/arm-none-eabi/10.3.1/../../../arm-none-eabi/lib/libc.a(lib_a-stdio.o) (_read_r)
/usr/lib/gcc/arm-none-eabi/10.3.1/../../../arm-none-eabi/lib/libc.a(lib_a-reent.o)
                              /usr/lib/gcc/arm-none-eabi/10.3.1/../../../arm-none-eabi/lib/libc.a(lib_a-sbrkr.o) (errno)

Memory Configuration

Name             Origin             Length             Attributes
*default*        0x0000000000000000 0xffffffffffffffff

Linker script and memory map

LOAD /usr/lib/gcc/arm-none-eabi/10.3.1/crti.o
LOAD /usr/lib/gcc/arm-none-eabi/10.3.1/crtbegin.o
LOAD /usr/lib/gcc/arm-none-eabi/10.3.1/../../../arm-none-eabi/lib/crt0.o
LOAD main.o
LOAD memory.o
LOAD interrupts_msp432p401r_gcc.o
LOAD startup_msp432p401r_gcc.o
LOAD system_msp432p401r.o
START GROUP
LOAD /usr/lib/gcc/arm-none-eabi/10.3.1/libgcc.a
LOAD /usr/lib/gcc/arm-none-eabi/10.3.1/../../../arm-none-eabi/lib/libc.a
END GROUP
LOAD /usr/lib/gcc/arm-none-eabi/10.3.1/crtend.o
LOAD /usr/lib/gcc/arm-none-eabi/10.3.1/crtn.o
                [!provide]                        PROVIDE (__executable_start = SEGMENT_START ("text-segment", 0x8000))
                0x0000000000008000                . = SEGMENT_START ("text-segment", 0x8000)

.interp
 *(.interp)

.note.gnu.build-id
 *(.note.gnu.build-id)

.hash
 *(.hash)

.gnu.hash
 *(.gnu.hash)

.dynsym
 *(.dynsym)

.dynstr
 *(.dynstr)

.gnu.version
 *(.gnu.version)

.gnu.version_d
 *(.gnu.version_d)

.gnu.version_r
 *(.gnu.version_r)

.rel.dyn        0x0000000000008000        0x0
 *(.rel.init)
 *(.rel.text .rel.text.* .rel.gnu.linkonce.t.*)
 *(.rel.fini)
 *(.rel.rodata .rel.rodata.* .rel.gnu.linkonce.r.*)
 *(.rel.data.rel.ro .rel.data.rel.ro.* .rel.gnu.linkonce.d.rel.ro.*)
 *(.rel.data .rel.data.* .rel.gnu.linkonce.d.*)
 *(.rel.tdata .rel.tdata.* .rel.gnu.linkonce.td.*)
 *(.rel.tbss .rel.tbss.* .rel.gnu.linkonce.tb.*)
 *(.rel.ctors)
 *(.rel.dtors)
 *(.rel.got)
 *(.rel.bss .rel.bss.* .rel.gnu.linkonce.b.*)
                [!provide]                        PROVIDE (__rel_iplt_start = .)
 *(.rel.iplt)
 .rel.iplt      0x0000000000008000        0x0 /usr/lib/gcc/arm-none-eabi/10.3.1/crtbegin.o
                [!provide]                        PROVIDE (__rel_iplt_end = .)

.rela.dyn       0x0000000000008000        0x0
 *(.rela.init)
 *(.rela.text .rela.text.* .rela.gnu.linkonce.t.*)
 *(.rela.fini)
 *(.rela.rodata .rela.rodata.* .rela.gnu.linkonce.r.*)
 *(.rela.data .rela.data.* .rela.gnu.linkonce.d.*)
 *(.rela.tdata .rela.tdata.* .rela.gnu.linkonce.td.*)
 *(.rela.tbss .rela.tbss.* .rela.gnu.linkonce.tb.*)
 *(.rela.ctors)
 *(.rela.dtors)
 *(.rela.got)
 *(.rela.bss .rela.bss.* .rela.gnu.linkonce.b.*)
                [!provide]                        PROVIDE (__rela_iplt_start = .)
 *(.rela.iplt)
                [!provide]                        PROVIDE (__rela_iplt_end = .)

.rel.plt
 *(.rel.plt)

.rela.plt
 *(.rela.plt)

.init           0x0000000000008000       0x18
 *(SORT_NONE(.init))
 .init          0x0000000000008000        0xc /usr/lib/gcc/arm-none-eabi/10.3.1/crti.o
                0x0000000000008000                _init
 .init          0x000000000000800c        0xc /usr/lib/gcc/arm-none-eabi/10.3.1/crtn.o

.plt
 *(.plt)

.iplt           0x0000000000008018        0x0
 *(.iplt)
 .iplt          0x0000000000008018        0x0 /usr/lib/gcc/arm-none-eabi/10.3.1/crtbegin.o

.text           0x0000000000008018     0x3678
 *(.text.unlikely .text.*_unlikely .text.unlikely.*)
 *(.text.exit .text.exit.*)
 *(.text.startup .text.startup.*)
 .text.startup  0x0000000000008018       0x28 /usr/lib/gcc/arm-none-eabi/10.3.1/../../../arm-none-eabi/lib/libc.a(lib_a-__call_atexit.o)
 *(.text.hot .text.hot.*)
 *(SORT_BY_NAME(.text.sorted.*))
 *(.text .stub .text.* .gnu.linkonce.t.*)
 .text          0x0000000000008040        0x0 /usr/lib/gcc/arm-none-eabi/10.3.1/crti.o
 .text          0x0000000000008040       0xdc /usr/lib/gcc/arm-none-eabi/10.3.1/crtbegin.o
 .text          0x000000000000811c      0x128 /usr/lib/gcc/arm-none-eabi/10.3.1/../../../arm-none-eabi/lib/crt0.o
                0x000000000000811c                _stack_init
                0x00000000000081a4                _mainCRTStartup
                0x00000000000081a4                _start
 .text          0x0000000000008244      0x14c main.o
                0x0000000000008244                main
 .text          0x0000000000008390      0x148 memory.o
                0x0000000000008390                set_value
                0x00000000000083d0                clear_value
                0x0000000000008404                get_value
                0x0000000000008438                set_all
                0x00000000000084a4                clear_all
 .text          0x00000000000084d8        0x0 interrupts_msp432p401r_gcc.o
 .text          0x00000000000084d8        0x0 startup_msp432p401r_gcc.o
 .text          0x00000000000084d8      0x604 system_msp432p401r.o
                0x00000000000084d8                SystemCoreClockUpdate
                0x0000000000008a2c                SystemInit
 .text          0x0000000000008adc      0x198 /usr/lib/gcc/arm-none-eabi/10.3.1/libgcc.a(_arm_mulsf3.o)
 .text          0x0000000000008c74      0x148 /usr/lib/gcc/arm-none-eabi/10.3.1/libgcc.a(_divsi3.o)
                0x0000000000008c74                __aeabi_idiv
                0x0000000000008c74                __divsi3
                0x0000000000008d9c                __aeabi_idivmod
 .text          0x0000000000008dbc        0x4 /usr/lib/gcc/arm-none-eabi/10.3.1/libgcc.a(_dvmd_tls.o)
                0x0000000000008dbc                __aeabi_ldiv0
                0x0000000000008dbc                __aeabi_idiv0
 .text          0x0000000000008dc0      0x2ac /usr/lib/gcc/arm-none-eabi/10.3.1/libgcc.a(_arm_addsubsf3.o)
                0x0000000000008dc0                __aeabi_frsub
                0x0000000000008dc8                __subsf3
                0x0000000000008dc8                __aeabi_fsub
                0x0000000000008dcc                __aeabi_fadd
                0x0000000000008dcc                __addsf3
                0x0000000000008f88                __aeabi_ui2f
                0x0000000000008f88                __floatunsisf
                0x0000000000008f90                __aeabi_i2f
                0x0000000000008f90                __floatsisf
                0x0000000000008fb0                __floatundisf
                0x0000000000008fb0                __aeabi_ul2f
                0x0000000000008fc0                __floatdisf
                0x0000000000008fc0                __aeabi_l2f
 .text          0x000000000000906c      0x2f8 /usr/lib/gcc/arm-none-eabi/10.3.1/libgcc.a(_arm_muldivsf3.o)
                0x000000000000906c                __mulsf3
                0x000000000000906c                __aeabi_fmul
                0x0000000000009204                __divsf3
                0x0000000000009204                __aeabi_fdiv
 .text          0x0000000000009364       0x54 /usr/lib/gcc/arm-none-eabi/10.3.1/libgcc.a(_arm_fixunssfsi.o)
                0x0000000000009364                __aeabi_f2uiz
                0x0000000000009364                __fixunssfsi
 .text          0x00000000000093b8       0x20 /usr/lib/gcc/arm-none-eabi/10.3.1/../../../arm-none-eabi/lib/libc.a(lib_a-atexit.o)
                0x00000000000093b8                atexit
 .text          0x00000000000093d8       0x34 /usr/lib/gcc/arm-none-eabi/10.3.1/../../../arm-none-eabi/lib/libc.a(lib_a-exit.o)
                0x00000000000093d8                exit
 .text          0x000000000000940c       0x44 /usr/lib/gcc/arm-none-eabi/10.3.1/../../../arm-none-eabi/lib/libc.a(lib_a-fini.o)
                0x000000000000940c                __libc_fini_array
 .text          0x0000000000009450        0x0 /usr/lib/gcc/arm-none-eabi/10.3.1/../../../arm-none-eabi/lib/libc.a(lib_a-impure.o)
 .text          0x0000000000009450       0x88 /usr/lib/gcc/arm-none-eabi/10.3.1/../../../arm-none-eabi/lib/libc.a(lib_a-init.o)
                0x0000000000009450                __libc_init_array
 .text          0x00000000000094d8      0x11c /usr/lib/gcc/arm-none-eabi/10.3.1/../../../arm-none-eabi/lib/libc.a(lib_a-memset.o)
                0x00000000000094d8                memset
 .text          0x00000000000095f4       0x38 /usr/lib/gcc/arm-none-eabi/10.3.1/../../../arm-none-eabi/lib/libc.a(lib_a-putchar.o)
                0x00000000000095f4                _putchar_r
                0x0000000000009608                putchar
 .text          0x000000000000962c       0x8c /usr/lib/gcc/arm-none-eabi/10.3.1/../../../arm-none-eabi/lib/libc.a(lib_a-__atexit.o)
                0x000000000000962c                __register_exitproc
 .text          0x00000000000096b8      0x118 /usr/lib/gcc/arm-none-eabi/10.3.1/../../../arm-none-eabi/lib/libc.a(lib_a-__call_atexit.o)
                0x00000000000096b8                __call_exitprocs
 .text          0x00000000000097d0      0x12c /usr/lib/gcc/arm-none-eabi/10.3.1/../../../arm-none-eabi/lib/libc.a(lib_a-putc.o)
                0x00000000000097d0                _putc_r
                0x000000000000985c                putc
 .text          0x00000000000098fc      0x150 /usr/lib/gcc/arm-none-eabi/10.3.1/../../../arm-none-eabi/lib/libc.a(lib_a-wbuf.o)
                0x00000000000098fc                __swbuf_r
                0x0000000000009a30                __swbuf
 .text          0x0000000000009a4c      0x16c /usr/lib/gcc/arm-none-eabi/10.3.1/../../../arm-none-eabi/lib/libc.a(lib_a-wsetup.o)
                0x0000000000009a4c                __swsetup_r
 .text          0x0000000000009bb8      0x324 /usr/lib/gcc/arm-none-eabi/10.3.1/../../../arm-none-eabi/lib/libc.a(lib_a-fflush.o)
                0x0000000000009bb8                __sflush_r
                0x0000000000009dfc                _fflush_r
                0x0000000000009e4c                fflush
 .text          0x0000000000009edc      0x360 /usr/lib/gcc/arm-none-eabi/10.3.1/../../../arm-none-eabi/lib/libc.a(lib_a-findfp.o)
                0x0000000000009ee4                _cleanup_r
                0x000000000000a04c                __sfmoreglue
                0x000000000000a09c                __sfp
                0x000000000000a1b0                _cleanup
                0x000000000000a1d4                __sinit
                0x000000000000a1e4                __sfp_lock_acquire
                0x000000000000a1e8                __sfp_lock_release
                0x000000000000a1ec                __sinit_lock_acquire
                0x000000000000a1f0                __sinit_lock_release
                0x000000000000a1f4                __fp_lock_all
                0x000000000000a218                __fp_unlock_all
 .text          0x000000000000a23c      0x3ec /usr/lib/gcc/arm-none-eabi/10.3.1/../../../arm-none-eabi/lib/libc.a(lib_a-freer.o)
                0x000000000000a23c                _malloc_trim_r
                0x000000000000a33c                _free_r
 .text          0x000000000000a628       0xe8 /usr/lib/gcc/arm-none-eabi/10.3.1/../../../arm-none-eabi/lib/libc.a(lib_a-fwalk.o)
                0x000000000000a628                _fwalk
                0x000000000000a698                _fwalk_reent
 .text          0x000000000000a710      0x1e4 /usr/lib/gcc/arm-none-eabi/10.3.1/../../../arm-none-eabi/lib/libc.a(lib_a-makebuf.o)
                0x000000000000a710                __smakebuf_r
                0x000000000000a854                __swhatbuf_r
 .text          0x000000000000a8f4      0x7f0 /usr/lib/gcc/arm-none-eabi/10.3.1/../../../arm-none-eabi/lib/libc.a(lib_a-mallocr.o)
                0x000000000000a8f4                _malloc_r
 .text          0x000000000000b0e4        0x8 /usr/lib/gcc/arm-none-eabi/10.3.1/../../../arm-none-eabi/lib/libc.a(lib_a-mlock.o)
                0x000000000000b0e4                __malloc_lock
                0x000000000000b0e8                __malloc_unlock
 .text          0x000000000000b0ec       0x44 /usr/lib/gcc/arm-none-eabi/10.3.1/../../../arm-none-eabi/lib/libc.a(lib_a-sbrkr.o)
                0x000000000000b0ec                _sbrk_r
 .text          0x000000000000b130       0xdc /usr/lib/gcc/arm-none-eabi/10.3.1/../../../arm-none-eabi/lib/libc.a(lib_a-stdio.o)
                0x000000000000b130                __sread
                0x000000000000b164                __seofread
                0x000000000000b16c                __swrite
                0x000000000000b1c8                __sseek
                0x000000000000b1f8                __sclose
 .text          0x000000000000b20c       0x48 /usr/lib/gcc/arm-none-eabi/10.3.1/../../../arm-none-eabi/lib/libc.a(lib_a-writer.o)
                0x000000000000b20c                _write_r
 .text          0x000000000000b254       0x3c /usr/lib/gcc/arm-none-eabi/10.3.1/../../../arm-none-eabi/lib/libc.a(lib_a-closer.o)
                0x000000000000b254                _close_r
 .text          0x000000000000b290      0x17c /usr/lib/gcc/arm-none-eabi/10.3.1/../../../arm-none-eabi/lib/libc.a(lib_a-fclose.o)
                0x000000000000b340                _fclose_r
                0x000000000000b3a0                fclose
 .text          0x000000000000b40c       0x40 /usr/lib/gcc/arm-none-eabi/10.3.1/../../../arm-none-eabi/lib/libc.a(lib_a-fstatr.o)
                0x000000000000b40c                _fstat_r
 .text          0x000000000000b44c       0x3c /usr/lib/gcc/arm-none-eabi/10.3.1/../../../arm-none-eabi/lib/libc.a(lib_a-isattyr.o)
                0x000000000000b44c                _isatty_r
 .text          0x000000000000b488       0x48 /usr/lib/gcc/arm-none-eabi/10.3.1/../../../arm-none-eabi/lib/libc.a(lib_a-lseekr.o)
                0x000000000000b488                _lseek_r
 .text          0x000000000000b4d0       0x48 /usr/lib/gcc/arm-none-eabi/10.3.1/../../../arm-none-eabi/lib/libc.a(lib_a-readr.o)
                0x000000000000b4d0                _read_r
 .text          0x000000000000b518      0x178 /usr/lib/gcc/arm-none-eabi/10.3.1/../../../arm-none-eabi/lib/libc.a(lib_a-reent.o)
                0x000000000000b518                cleanup_glue
                0x000000000000b58c                _reclaim_reent
 .text          0x000000000000b690        0x0 /usr/lib/gcc/arm-none-eabi/10.3.1/crtend.o
 .text          0x000000000000b690        0x0 /usr/lib/gcc/arm-none-eabi/10.3.1/crtn.o
 *(.gnu.warning)
 *(.glue_7t)
 .glue_7t       0x000000000000b690        0x0 linker stubs
 *(.glue_7)
 .glue_7        0x000000000000b690        0x0 linker stubs
 *(.vfp11_veneer)
 .vfp11_veneer  0x000000000000b690        0x0 linker stubs
 *(.v4_bx)
 .v4_bx         0x000000000000b690        0x0 linker stubs

.text:Reset_Handler
                0x000000000000b690       0x6c
 .text:Reset_Handler
                0x000000000000b690       0x6c interrupts_msp432p401r_gcc.o
                0x000000000000b690                Reset_Handler

.text:NMI_Handler
                0x000000000000b6fc        0xe
 .text:NMI_Handler
                0x000000000000b6fc        0xe interrupts_msp432p401r_gcc.o
                0x000000000000b6fc                NMI_Handler

.text:HardFault_Handler
                0x000000000000b70a        0xe
 .text:HardFault_Handler
                0x000000000000b70a        0xe interrupts_msp432p401r_gcc.o
                0x000000000000b70a                HardFault_Handler

.text:Default_Handler
                0x000000000000b718        0xe
 .text:Default_Handler
                0x000000000000b718        0xe interrupts_msp432p401r_gcc.o
                0x000000000000b718                CS_IRQHandler
                0x000000000000b718                DebugMon_Handler
                0x000000000000b718                AES256_IRQHandler
                0x000000000000b718                SysTick_Handler
                0x000000000000b718                PendSV_Handler
                0x000000000000b718                RTC_C_IRQHandler
                0x000000000000b718                PORT1_IRQHandler
                0x000000000000b718                FPU_IRQHandler
                0x000000000000b718                PORT2_IRQHandler
                0x000000000000b718                TA3_0_IRQHandler
                0x000000000000b718                UsageFault_Handler
                0x000000000000b718                DMA_INT3_IRQHandler
                0x000000000000b718                TA2_0_IRQHandler
                0x000000000000b718                DMA_INT1_IRQHandler
                0x000000000000b718                WDT_A_IRQHandler
                0x000000000000b718                TA2_N_IRQHandler
                0x000000000000b718                TA1_0_IRQHandler
                0x000000000000b718                PSS_IRQHandler
                0x000000000000b718                DMA_INT2_IRQHandler
                0x000000000000b718                EUSCIA3_IRQHandler
                0x000000000000b718                DMA_INT0_IRQHandler
                0x000000000000b718                PORT4_IRQHandler
                0x000000000000b718                PORT5_IRQHandler
                0x000000000000b718                EUSCIB0_IRQHandler
                0x000000000000b718                Default_Handler
                0x000000000000b718                T32_INTC_IRQHandler
                0x000000000000b718                TA3_N_IRQHandler
                0x000000000000b718                TA0_0_IRQHandler
                0x000000000000b718                EUSCIA2_IRQHandler
                0x000000000000b718                PORT6_IRQHandler
                0x000000000000b718                PORT3_IRQHandler
                0x000000000000b718                MemManage_Handler
                0x000000000000b718                SVC_Handler
                0x000000000000b718                TA1_N_IRQHandler
                0x000000000000b718                EUSCIA1_IRQHandler
                0x000000000000b718                COMP_E1_IRQHandler
                0x000000000000b718                EUSCIB2_IRQHandler
                0x000000000000b718                FLCTL_IRQHandler
                0x000000000000b718                EUSCIB3_IRQHandler
                0x000000000000b718                T32_INT1_IRQHandler
                0x000000000000b718                ADC14_IRQHandler
                0x000000000000b718                DMA_ERR_IRQHandler
                0x000000000000b718                EUSCIA0_IRQHandler
                0x000000000000b718                BusFault_Handler
                0x000000000000b718                PCM_IRQHandler
                0x000000000000b718                TA0_N_IRQHandler
                0x000000000000b718                COMP_E0_IRQHandler
                0x000000000000b718                EUSCIB1_IRQHandler
                0x000000000000b718                T32_INT2_IRQHandler

.fini           0x000000000000b728       0x18
 *(SORT_NONE(.fini))
 .fini          0x000000000000b728        0xc /usr/lib/gcc/arm-none-eabi/10.3.1/crti.o
                0x000000000000b728                _fini
 .fini          0x000000000000b734        0xc /usr/lib/gcc/arm-none-eabi/10.3.1/crtn.o
                [!provide]                        PROVIDE (__etext = .)
                [!provide]                        PROVIDE (_etext = .)
                [!provide]                        PROVIDE (etext = .)

.rodata         0x000000000000b740       0x4c
 *(.rodata .rodata.* .gnu.linkonce.r.*)
 .rodata        0x000000000000b740       0x24 /usr/lib/gcc/arm-none-eabi/10.3.1/crtbegin.o
 .rodata        0x000000000000b764        0x4 /usr/lib/gcc/arm-none-eabi/10.3.1/../../../arm-none-eabi/lib/libc.a(lib_a-impure.o)
                0x000000000000b764                _global_impure_ptr
 .rodata        0x000000000000b768       0x24 /usr/lib/gcc/arm-none-eabi/10.3.1/crtend.o

.intvecs        0x000000000000b78c      0x140
 .intvecs       0x000000000000b78c      0x140 startup_msp432p401r_gcc.o
                0x000000000000b78c                interruptVectors

.rodata1
 *(.rodata1)

.ARM.extab      0x000000000000b8cc        0x0
 *(.ARM.extab* .gnu.linkonce.armextab.*)
 .ARM.extab     0x000000000000b8cc        0x0 /usr/lib/gcc/arm-none-eabi/10.3.1/../../../arm-none-eabi/lib/crt0.o

.ARM.exidx      0x000000000000b8cc        0x8
                [!provide]                        PROVIDE (__exidx_start = .)
 *(.ARM.exidx* .gnu.linkonce.armexidx.*)
 .ARM.exidx     0x000000000000b8cc        0x8 /usr/lib/gcc/arm-none-eabi/10.3.1/../../../arm-none-eabi/lib/crt0.o
                                         0x10 (size before relaxing)
                [!provide]                        PROVIDE (__exidx_end = .)

.eh_frame_hdr
 *(.eh_frame_hdr)
 *(.eh_frame_entry .eh_frame_entry.*)

.eh_frame       0x000000000000b8d4        0x4
 *(.eh_frame)
 .eh_frame      0x000000000000b8d4        0x0 /usr/lib/gcc/arm-none-eabi/10.3.1/crtbegin.o
 .eh_frame      0x000000000000b8d4        0x4 /usr/lib/gcc/arm-none-eabi/10.3.1/crtend.o
 *(.eh_frame.*)

.gcc_except_table
 *(.gcc_except_table .gcc_except_table.*)

.gnu_extab
 *(.gnu_extab*)

.exception_ranges
 *(.exception_ranges*)
                0x000000000001b8d8                . = (ALIGN (CONSTANT (MAXPAGESIZE)) + (. & (CONSTANT (MAXPAGESIZE) - 0x1)))

.eh_frame
 *(.eh_frame)
 *(.eh_frame.*)

.gnu_extab
 *(.gnu_extab)

.gcc_except_table
 *(.gcc_except_table .gcc_except_table.*)

.exception_ranges
 *(.exception_ranges*)

.tdata          0x000000000001b8d8        0x0
                [!provide]                        PROVIDE (__tdata_start = .)
 *(.tdata .tdata.* .gnu.linkonce.td.*)

.tbss
 *(.tbss .tbss.* .gnu.linkonce.tb.*)
 *(.tcommon)

.preinit_array  0x000000000001b8d8        0x0
                0x000000000001b8d8                PROVIDE (__preinit_array_start = .)
 *(.preinit_array)
                0x000000000001b8d8                PROVIDE (__preinit_array_end = .)

.init_array     0x000000000001b8d8        0x8
                0x000000000001b8d8                PROVIDE (__init_array_start = .)
 *(SORT_BY_INIT_PRIORITY(.init_array.*) SORT_BY_INIT_PRIORITY(.ctors.*))
 .init_array.00000
                0x000000000001b8d8        0x4 /usr/lib/gcc/arm-none-eabi/10.3.1/../../../arm-none-eabi/lib/libc.a(lib_a-__call_atexit.o)
 *(.init_array EXCLUDE_FILE(*crtend?.o *crtend.o *crtbegin?.o *crtbegin.o) .ctors)
 .init_array    0x000000000001b8dc        0x4 /usr/lib/gcc/arm-none-eabi/10.3.1/crtbegin.o
                0x000000000001b8e0                PROVIDE (__init_array_end = .)

.fini_array     0x000000000001b8e0        0x4
                0x000000000001b8e0                PROVIDE (__fini_array_start = .)
 *(SORT_BY_INIT_PRIORITY(.fini_array.*) SORT_BY_INIT_PRIORITY(.dtors.*))
 *(.fini_array EXCLUDE_FILE(*crtend?.o *crtend.o *crtbegin?.o *crtbegin.o) .dtors)
 .fini_array    0x000000000001b8e0        0x4 /usr/lib/gcc/arm-none-eabi/10.3.1/crtbegin.o
                0x000000000001b8e4                PROVIDE (__fini_array_end = .)

.ctors
 *crtbegin.o(.ctors)
 *crtbegin?.o(.ctors)
 *(EXCLUDE_FILE(*crtend?.o *crtend.o) .ctors)
 *(SORT_BY_NAME(.ctors.*))
 *(.ctors)

.dtors
 *crtbegin.o(.dtors)
 *crtbegin?.o(.dtors)
 *(EXCLUDE_FILE(*crtend?.o *crtend.o) .dtors)
 *(SORT_BY_NAME(.dtors.*))
 *(.dtors)

.jcr
 *(.jcr)

.data.rel.ro
 *(.data.rel.ro.local* .gnu.linkonce.d.rel.ro.local.*)
 *(.data.rel.ro .data.rel.ro.* .gnu.linkonce.d.rel.ro.*)

.dynamic
 *(.dynamic)

.got            0x000000000001b8e4        0x0
 *(.got.plt)
 *(.igot.plt)
 .igot.plt      0x000000000001b8e4        0x0 /usr/lib/gcc/arm-none-eabi/10.3.1/crtbegin.o
 *(.got)
 *(.igot)

.data           0x000000000001b8e8      0x848
                0x000000000001b8e8                __data_start = .
 *(.data .data.* .gnu.linkonce.d.*)
 .data          0x000000000001b8e8        0x0 /usr/lib/gcc/arm-none-eabi/10.3.1/crti.o
 .data          0x000000000001b8e8        0x4 /usr/lib/gcc/arm-none-eabi/10.3.1/crtbegin.o
                0x000000000001b8e8                __dso_handle
 .data          0x000000000001b8ec        0x0 /usr/lib/gcc/arm-none-eabi/10.3.1/../../../arm-none-eabi/lib/crt0.o
 .data          0x000000000001b8ec        0x0 main.o
 .data          0x000000000001b8ec        0x0 memory.o
 .data          0x000000000001b8ec        0x0 interrupts_msp432p401r_gcc.o
 .data          0x000000000001b8ec        0x0 startup_msp432p401r_gcc.o
 .data          0x000000000001b8ec        0x4 system_msp432p401r.o
                0x000000000001b8ec                SystemCoreClock
 .data          0x000000000001b8f0        0x0 /usr/lib/gcc/arm-none-eabi/10.3.1/libgcc.a(_arm_mulsf3.o)
 .data          0x000000000001b8f0        0x0 /usr/lib/gcc/arm-none-eabi/10.3.1/libgcc.a(_divsi3.o)
 .data          0x000000000001b8f0        0x0 /usr/lib/gcc/arm-none-eabi/10.3.1/libgcc.a(_dvmd_tls.o)
 .data          0x000000000001b8f0        0x0 /usr/lib/gcc/arm-none-eabi/10.3.1/libgcc.a(_arm_addsubsf3.o)
 .data          0x000000000001b8f0        0x0 /usr/lib/gcc/arm-none-eabi/10.3.1/libgcc.a(_arm_muldivsf3.o)
 .data          0x000000000001b8f0        0x0 /usr/lib/gcc/arm-none-eabi/10.3.1/libgcc.a(_arm_fixunssfsi.o)
 .data          0x000000000001b8f0        0x0 /usr/lib/gcc/arm-none-eabi/10.3.1/../../../arm-none-eabi/lib/libc.a(lib_a-atexit.o)
 .data          0x000000000001b8f0        0x0 /usr/lib/gcc/arm-none-eabi/10.3.1/../../../arm-none-eabi/lib/libc.a(lib_a-exit.o)
 .data          0x000000000001b8f0        0x0 /usr/lib/gcc/arm-none-eabi/10.3.1/../../../arm-none-eabi/lib/libc.a(lib_a-fini.o)
 .data          0x000000000001b8f0      0x430 /usr/lib/gcc/arm-none-eabi/10.3.1/../../../arm-none-eabi/lib/libc.a(lib_a-impure.o)
                0x000000000001b8f0                _impure_ptr
 .data          0x000000000001bd20        0x0 /usr/lib/gcc/arm-none-eabi/10.3.1/../../../arm-none-eabi/lib/libc.a(lib_a-init.o)
 .data          0x000000000001bd20        0x0 /usr/lib/gcc/arm-none-eabi/10.3.1/../../../arm-none-eabi/lib/libc.a(lib_a-memset.o)
 .data          0x000000000001bd20        0x0 /usr/lib/gcc/arm-none-eabi/10.3.1/../../../arm-none-eabi/lib/libc.a(lib_a-putchar.o)
 .data          0x000000000001bd20        0x0 /usr/lib/gcc/arm-none-eabi/10.3.1/../../../arm-none-eabi/lib/libc.a(lib_a-__atexit.o)
 .data          0x000000000001bd20        0x0 /usr/lib/gcc/arm-none-eabi/10.3.1/../../../arm-none-eabi/lib/libc.a(lib_a-__call_atexit.o)
 .data          0x000000000001bd20        0x0 /usr/lib/gcc/arm-none-eabi/10.3.1/../../../arm-none-eabi/lib/libc.a(lib_a-putc.o)
 .data          0x000000000001bd20        0x0 /usr/lib/gcc/arm-none-eabi/10.3.1/../../../arm-none-eabi/lib/libc.a(lib_a-wbuf.o)
 .data          0x000000000001bd20        0x0 /usr/lib/gcc/arm-none-eabi/10.3.1/../../../arm-none-eabi/lib/libc.a(lib_a-wsetup.o)
 .data          0x000000000001bd20        0x0 /usr/lib/gcc/arm-none-eabi/10.3.1/../../../arm-none-eabi/lib/libc.a(lib_a-fflush.o)
 .data          0x000000000001bd20        0x0 /usr/lib/gcc/arm-none-eabi/10.3.1/../../../arm-none-eabi/lib/libc.a(lib_a-findfp.o)
 .data          0x000000000001bd20        0x0 /usr/lib/gcc/arm-none-eabi/10.3.1/../../../arm-none-eabi/lib/libc.a(lib_a-freer.o)
 .data          0x000000000001bd20        0x0 /usr/lib/gcc/arm-none-eabi/10.3.1/../../../arm-none-eabi/lib/libc.a(lib_a-fwalk.o)
 .data          0x000000000001bd20        0x0 /usr/lib/gcc/arm-none-eabi/10.3.1/../../../arm-none-eabi/lib/libc.a(lib_a-makebuf.o)
 .data          0x000000000001bd20      0x410 /usr/lib/gcc/arm-none-eabi/10.3.1/../../../arm-none-eabi/lib/libc.a(lib_a-mallocr.o)
                0x000000000001bd20                __malloc_av_
                0x000000000001c128                __malloc_sbrk_base
                0x000000000001c12c                __malloc_trim_threshold
 .data          0x000000000001c130        0x0 /usr/lib/gcc/arm-none-eabi/10.3.1/../../../arm-none-eabi/lib/libc.a(lib_a-mlock.o)
 .data          0x000000000001c130        0x0 /usr/lib/gcc/arm-none-eabi/10.3.1/../../../arm-none-eabi/lib/libc.a(lib_a-sbrkr.o)
 .data          0x000000000001c130        0x0 /usr/lib/gcc/arm-none-eabi/10.3.1/../../../arm-none-eabi/lib/libc.a(lib_a-stdio.o)
 .data          0x000000000001c130        0x0 /usr/lib/gcc/arm-none-eabi/10.3.1/../../../arm-none-eabi/lib/libc.a(lib_a-writer.o)
 .data          0x000000000001c130        0x0 /usr/lib/gcc/arm-none-eabi/10.3.1/../../../arm-none-eabi/lib/libc.a(lib_a-closer.o)
 .data          0x000000000001c130        0x0 /usr/lib/gcc/arm-none-eabi/10.3.1/../../../arm-none-eabi/lib/libc.a(lib_a-fclose.o)
 .data          0x000000000001c130        0x0 /usr/lib/gcc/arm-none-eabi/10.3.1/../../../arm-none-eabi/lib/libc.a(lib_a-fstatr.o)
 .data          0x000000000001c130        0x0 /usr/lib/gcc/arm-none-eabi/10.3.1/../../../arm-none-eabi/lib/libc.a(lib_a-isattyr.o)
 .data          0x000000000001c130        0x0 /usr/lib/gcc/arm-none-eabi/10.3.1/../../../arm-none-eabi/lib/libc.a(lib_a-lseekr.o)
 .data          0x000000000001c130        0x0 /usr/lib/gcc/arm-none-eabi/10.3.1/../../../arm-none-eabi/lib/libc.a(lib_a-readr.o)
 .data          0x000000000001c130        0x0 /usr/lib/gcc/arm-none-eabi/10.3.1/../../../arm-none-eabi/lib/libc.a(lib_a-reent.o)
 .data          0x000000000001c130        0x0 /usr/lib/gcc/arm-none-eabi/10.3.1/crtend.o
 .data          0x000000000001c130        0x0 /usr/lib/gcc/arm-none-eabi/10.3.1/crtn.o

.tm_clone_table
                0x000000000001c130        0x0
 .tm_clone_table
                0x000000000001c130        0x0 /usr/lib/gcc/arm-none-eabi/10.3.1/crtbegin.o
 .tm_clone_table
                0x000000000001c130        0x0 /usr/lib/gcc/arm-none-eabi/10.3.1/crtend.o

.data1
 *(.data1)
                0x000000000001c130                _edata = .
                [!provide]                        PROVIDE (edata = .)

.persistent     0x000000000001c130        0x0
                0x000000000001c130                . = ALIGN (0x4)
                [!provide]                        PROVIDE (__persistent_start = .)
 *(.persistent .persistent.* .gnu.linkonce.p.*)
                0x000000000001c130                . = ALIGN (0x4)
                [!provide]                        PROVIDE (__persistent_end = .)
                0x000000000001c130                . = .
                0x000000000001c130                __bss_start = .
                0x000000000001c130                __bss_start__ = .

.bss            0x000000000001c130       0x60
 *(.dynbss)
 *(.bss .bss.* .gnu.linkonce.b.*)
 .bss           0x000000000001c130        0x0 /usr/lib/gcc/arm-none-eabi/10.3.1/crti.o
 .bss           0x000000000001c130       0x1c /usr/lib/gcc/arm-none-eabi/10.3.1/crtbegin.o
 .bss           0x000000000001c14c        0x0 /usr/lib/gcc/arm-none-eabi/10.3.1/../../../arm-none-eabi/lib/crt0.o
 .bss           0x000000000001c14c        0xa main.o
                0x000000000001c14c                buffer
 .bss           0x000000000001c156        0x0 memory.o
 .bss           0x000000000001c156        0x0 interrupts_msp432p401r_gcc.o
 .bss           0x000000000001c156        0x0 startup_msp432p401r_gcc.o
 .bss           0x000000000001c156        0x0 system_msp432p401r.o
 .bss           0x000000000001c156        0x0 /usr/lib/gcc/arm-none-eabi/10.3.1/libgcc.a(_arm_mulsf3.o)
 .bss           0x000000000001c156        0x0 /usr/lib/gcc/arm-none-eabi/10.3.1/libgcc.a(_divsi3.o)
 .bss           0x000000000001c156        0x0 /usr/lib/gcc/arm-none-eabi/10.3.1/libgcc.a(_dvmd_tls.o)
 .bss           0x000000000001c156        0x0 /usr/lib/gcc/arm-none-eabi/10.3.1/libgcc.a(_arm_addsubsf3.o)
 .bss           0x000000000001c156        0x0 /usr/lib/gcc/arm-none-eabi/10.3.1/libgcc.a(_arm_muldivsf3.o)
 .bss           0x000000000001c156        0x0 /usr/lib/gcc/arm-none-eabi/10.3.1/libgcc.a(_arm_fixunssfsi.o)
 .bss           0x000000000001c156        0x0 /usr/lib/gcc/arm-none-eabi/10.3.1/../../../arm-none-eabi/lib/libc.a(lib_a-atexit.o)
 .bss           0x000000000001c156        0x0 /usr/lib/gcc/arm-none-eabi/10.3.1/../../../arm-none-eabi/lib/libc.a(lib_a-exit.o)
 .bss           0x000000000001c156        0x0 /usr/lib/gcc/arm-none-eabi/10.3.1/../../../arm-none-eabi/lib/libc.a(lib_a-fini.o)
 .bss           0x000000000001c156        0x0 /usr/lib/gcc/arm-none-eabi/10.3.1/../../../arm-none-eabi/lib/libc.a(lib_a-impure.o)
 .bss           0x000000000001c156        0x0 /usr/lib/gcc/arm-none-eabi/10.3.1/../../../arm-none-eabi/lib/libc.a(lib_a-init.o)
 .bss           0x000000000001c156        0x0 /usr/lib/gcc/arm-none-eabi/10.3.1/../../../arm-none-eabi/lib/libc.a(lib_a-memset.o)
 .bss           0x000000000001c156        0x0 /usr/lib/gcc/arm-none-eabi/10.3.1/../../../arm-none-eabi/lib/libc.a(lib_a-putchar.o)
 .bss           0x000000000001c156        0x0 /usr/lib/gcc/arm-none-eabi/10.3.1/../../../arm-none-eabi/lib/libc.a(lib_a-__atexit.o)
 .bss           0x000000000001c156        0x0 /usr/lib/gcc/arm-none-eabi/10.3.1/../../../arm-none-eabi/lib/libc.a(lib_a-__call_atexit.o)
 .bss           0x000000000001c156        0x0 /usr/lib/gcc/arm-none-eabi/10.3.1/../../../arm-none-eabi/lib/libc.a(lib_a-putc.o)
 .bss           0x000000000001c156        0x0 /usr/lib/gcc/arm-none-eabi/10.3.1/../../../arm-none-eabi/lib/libc.a(lib_a-wbuf.o)
 .bss           0x000000000001c156        0x0 /usr/lib/gcc/arm-none-eabi/10.3.1/../../../arm-none-eabi/lib/libc.a(lib_a-wsetup.o)
 .bss           0x000000000001c156        0x0 /usr/lib/gcc/arm-none-eabi/10.3.1/../../../arm-none-eabi/lib/libc.a(lib_a-fflush.o)
 .bss           0x000000000001c156        0x0 /usr/lib/gcc/arm-none-eabi/10.3.1/../../../arm-none-eabi/lib/libc.a(lib_a-findfp.o)
 .bss           0x000000000001c156        0x0 /usr/lib/gcc/arm-none-eabi/10.3.1/../../../arm-none-eabi/lib/libc.a(lib_a-freer.o)
 .bss           0x000000000001c156        0x0 /usr/lib/gcc/arm-none-eabi/10.3.1/../../../arm-none-eabi/lib/libc.a(lib_a-fwalk.o)
 .bss           0x000000000001c156        0x0 /usr/lib/gcc/arm-none-eabi/10.3.1/../../../arm-none-eabi/lib/libc.a(lib_a-makebuf.o)
 *fill*         0x000000000001c156        0x2 
 .bss           0x000000000001c158       0x34 /usr/lib/gcc/arm-none-eabi/10.3.1/../../../arm-none-eabi/lib/libc.a(lib_a-mallocr.o)
                0x000000000001c158                __malloc_top_pad
                0x000000000001c15c                __malloc_current_mallinfo
                0x000000000001c184                __malloc_max_sbrked_mem
                0x000000000001c188                __malloc_max_total_mem
 .bss           0x000000000001c18c        0x0 /usr/lib/gcc/arm-none-eabi/10.3.1/../../../arm-none-eabi/lib/libc.a(lib_a-mlock.o)
 .bss           0x000000000001c18c        0x0 /usr/lib/gcc/arm-none-eabi/10.3.1/../../../arm-none-eabi/lib/libc.a(lib_a-sbrkr.o)
 .bss           0x000000000001c18c        0x0 /usr/lib/gcc/arm-none-eabi/10.3.1/../../../arm-none-eabi/lib/libc.a(lib_a-stdio.o)
 .bss           0x000000000001c18c        0x0 /usr/lib/gcc/arm-none-eabi/10.3.1/../../../arm-none-eabi/lib/libc.a(lib_a-writer.o)
 .bss           0x000000000001c18c        0x0 /usr/lib/gcc/arm-none-eabi/10.3.1/../../../arm-none-eabi/lib/libc.a(lib_a-closer.o)
 .bss           0x000000000001c18c        0x0 /usr/lib/gcc/arm-none-eabi/10.3.1/../../../arm-none-eabi/lib/libc.a(lib_a-fclose.o)
 .bss           0x000000000001c18c        0x0 /usr/lib/gcc/arm-none-eabi/10.3.1/../../../arm-none-eabi/lib/libc.a(lib_a-fstatr.o)
 .bss           0x000000000001c18c        0x0 /usr/lib/gcc/arm-none-eabi/10.3.1/../../../arm-none-eabi/lib/libc.a(lib_a-isattyr.o)
 .bss           0x000000000001c18c        0x0 /usr/lib/gcc/arm-none-eabi/10.3.1/../../../arm-none-eabi/lib/libc.a(lib_a-lseekr.o)
 .bss           0x000000000001c18c        0x0 /usr/lib/gcc/arm-none-eabi/10.3.1/../../../arm-none-eabi/lib/libc.a(lib_a-readr.o)
 .bss           0x000000000001c18c        0x4 /usr/lib/gcc/arm-none-eabi/10.3.1/../../../arm-none-eabi/lib/libc.a(lib_a-reent.o)
                0x000000000001c18c                errno
 .bss           0x000000000001c190        0x0 /usr/lib/gcc/arm-none-eabi/10.3.1/crtend.o
 .bss           0x000000000001c190        0x0 /usr/lib/gcc/arm-none-eabi/10.3.1/crtn.o
 *(COMMON)
                0x000000000001c190                . = ALIGN ((. != 0x0)?0x4:0x1)
                0x000000000001c190                _bss_end__ = .
                0x000000000001c190                __bss_end__ = .

.noinit         0x000000000001c190        0x0
                0x000000000001c190                . = ALIGN (0x4)
                [!provide]                        PROVIDE (__noinit_start = .)
 *(.noinit .noinit.* .gnu.linkonce.n.*)
                0x000000000001c190                . = ALIGN (0x4)
                [!provide]                        PROVIDE (__noinit_end = .)
                0x000000000001c190                . = ALIGN (0x4)
                0x000000000001c190                . = SEGMENT_START ("ldata-segment", .)
                0x000000000001c190                . = ALIGN (0x4)
                0x000000000001c190                __end__ = .
                0x000000000001c190                _end = .
                [!provide]                        PROVIDE (end = .)

.stack          0x0000000000080000        0x0
                0x0000000000080000                _stack = .
 *(.stack)

.stab
 *(.stab)

.stabstr
 *(.stabstr)

.stab.excl
 *(.stab.excl)

.stab.exclstr
 *(.stab.exclstr)

.stab.index
 *(.stab.index)

.stab.indexstr
 *(.stab.indexstr)

.comment        0x0000000000000000       0x33
 *(.comment)
 .comment       0x0000000000000000       0x33 /usr/lib/gcc/arm-none-eabi/10.3.1/crtbegin.o
                                         0x34 (size before relaxing)
 .comment       0x0000000000000033       0x34 main.o
 .comment       0x0000000000000033       0x34 memory.o
 .comment       0x0000000000000033       0x34 interrupts_msp432p401r_gcc.o
 .comment       0x0000000000000033       0x34 startup_msp432p401r_gcc.o
 .comment       0x0000000000000033       0x34 system_msp432p401r.o
 .comment       0x0000000000000033       0x34 /usr/lib/gcc/arm-none-eabi/10.3.1/../../../arm-none-eabi/lib/libc.a(lib_a-atexit.o)
 .comment       0x0000000000000033       0x34 /usr/lib/gcc/arm-none-eabi/10.3.1/../../../arm-none-eabi/lib/libc.a(lib_a-exit.o)
 .comment       0x0000000000000033       0x34 /usr/lib/gcc/arm-none-eabi/10.3.1/../../../arm-none-eabi/lib/libc.a(lib_a-fini.o)
 .comment       0x0000000000000033       0x34 /usr/lib/gcc/arm-none-eabi/10.3.1/../../../arm-none-eabi/lib/libc.a(lib_a-impure.o)
 .comment       0x0000000000000033       0x34 /usr/lib/gcc/arm-none-eabi/10.3.1/../../../arm-none-eabi/lib/libc.a(lib_a-init.o)
 .comment       0x0000000000000033       0x34 /usr/lib/gcc/arm-none-eabi/10.3.1/../../../arm-none-eabi/lib/libc.a(lib_a-memset.o)
 .comment       0x0000000000000033       0x34 /usr/lib/gcc/arm-none-eabi/10.3.1/../../../arm-none-eabi/lib/libc.a(lib_a-putchar.o)
 .comment       0x0000000000000033       0x34 /usr/lib/gcc/arm-none-eabi/10.3.1/../../../arm-none-eabi/lib/libc.a(lib_a-__atexit.o)
 .comment       0x0000000000000033       0x34 /usr/lib/gcc/arm-none-eabi/10.3.1/../../../arm-none-eabi/lib/libc.a(lib_a-__call_atexit.o)
 .comment       0x0000000000000033       0x34 /usr/lib/gcc/arm-none-eabi/10.3.1/../../../arm-none-eabi/lib/libc.a(lib_a-putc.o)
 .comment       0x0000000000000033       0x34 /usr/lib/gcc/arm-none-eabi/10.3.1/../../../arm-none-eabi/lib/libc.a(lib_a-wbuf.o)
 .comment       0x0000000000000033       0x34 /usr/lib/gcc/arm-none-eabi/10.3.1/../../../arm-none-eabi/lib/libc.a(lib_a-wsetup.o)
 .comment       0x0000000000000033       0x34 /usr/lib/gcc/arm-none-eabi/10.3.1/../../../arm-none-eabi/lib/libc.a(lib_a-fflush.o)
 .comment       0x0000000000000033       0x34 /usr/lib/gcc/arm-none-eabi/10.3.1/../../../arm-none-eabi/lib/libc.a(lib_a-findfp.o)
 .comment       0x0000000000000033       0x34 /usr/lib/gcc/arm-none-eabi/10.3.1/../../../arm-none-eabi/lib/libc.a(lib_a-freer.o)
 .comment       0x0000000000000033       0x34 /usr/lib/gcc/arm-none-eabi/10.3.1/../../../arm-none-eabi/lib/libc.a(lib_a-fwalk.o)
 .comment       0x0000000000000033       0x34 /usr/lib/gcc/arm-none-eabi/10.3.1/../../../arm-none-eabi/lib/libc.a(lib_a-makebuf.o)
 .comment       0x0000000000000033       0x34 /usr/lib/gcc/arm-none-eabi/10.3.1/../../../arm-none-eabi/lib/libc.a(lib_a-mallocr.o)
 .comment       0x0000000000000033       0x34 /usr/lib/gcc/arm-none-eabi/10.3.1/../../../arm-none-eabi/lib/libc.a(lib_a-mlock.o)
 .comment       0x0000000000000033       0x34 /usr/lib/gcc/arm-none-eabi/10.3.1/../../../arm-none-eabi/lib/libc.a(lib_a-sbrkr.o)
 .comment       0x0000000000000033       0x34 /usr/lib/gcc/arm-none-eabi/10.3.1/../../../arm-none-eabi/lib/libc.a(lib_a-stdio.o)
 .comment       0x0000000000000033       0x34 /usr/lib/gcc/arm-none-eabi/10.3.1/../../../arm-none-eabi/lib/libc.a(lib_a-writer.o)
 .comment       0x0000000000000033       0x34 /usr/lib/gcc/arm-none-eabi/10.3.1/../../../arm-none-eabi/lib/libc.a(lib_a-closer.o)
 .comment       0x0000000000000033       0x34 /usr/lib/gcc/arm-none-eabi/10.3.1/../../../arm-none-eabi/lib/libc.a(lib_a-fclose.o)
 .comment       0x0000000000000033       0x34 /usr/lib/gcc/arm-none-eabi/10.3.1/../../../arm-none-eabi/lib/libc.a(lib_a-fstatr.o)
 .comment       0x0000000000000033       0x34 /usr/lib/gcc/arm-none-eabi/10.3.1/../../../arm-none-eabi/lib/libc.a(lib_a-isattyr.o)
 .comment       0x0000000000000033       0x34 /usr/lib/gcc/arm-none-eabi/10.3.1/../../../arm-none-eabi/lib/libc.a(lib_a-lseekr.o)
 .comment       0x0000000000000033       0x34 /usr/lib/gcc/arm-none-eabi/10.3.1/../../../arm-none-eabi/lib/libc.a(lib_a-readr.o)
 .comment       0x0000000000000033       0x34 /usr/lib/gcc/arm-none-eabi/10.3.1/../../../arm-none-eabi/lib/libc.a(lib_a-reent.o)
 .comment       0x0000000000000033       0x34 /usr/lib/gcc/arm-none-eabi/10.3.1/crtend.o

.gnu.build.attributes
 *(.gnu.build.attributes .gnu.build.attributes.*)

.debug
 *(.debug)

.line
 *(.line)

.debug_srcinfo
 *(.debug_srcinfo)

.debug_sfnames
 *(.debug_sfnames)

.debug_aranges  0x0000000000000000      0x480
 *(.debug_aranges)
 .debug_aranges
                0x0000000000000000       0x20 /usr/lib/gcc/arm-none-eabi/10.3.1/../../../arm-none-eabi/lib/crt0.o
 .debug_aranges
                0x0000000000000020       0x20 /usr/lib/gcc/arm-none-eabi/10.3.1/libgcc.a(_arm_mulsf3.o)
 .debug_aranges
                0x0000000000000040       0x20 /usr/lib/gcc/arm-none-eabi/10.3.1/libgcc.a(_divsi3.o)
 .debug_aranges
                0x0000000000000060       0x20 /usr/lib/gcc/arm-none-eabi/10.3.1/libgcc.a(_dvmd_tls.o)
 .debug_aranges
                0x0000000000000080       0x20 /usr/lib/gcc/arm-none-eabi/10.3.1/libgcc.a(_arm_addsubsf3.o)
 .debug_aranges
                0x00000000000000a0       0x20 /usr/lib/gcc/arm-none-eabi/10.3.1/libgcc.a(_arm_muldivsf3.o)
 .debug_aranges
                0x00000000000000c0       0x20 /usr/lib/gcc/arm-none-eabi/10.3.1/libgcc.a(_arm_fixunssfsi.o)
 .debug_aranges
                0x00000000000000e0       0x20 /usr/lib/gcc/arm-none-eabi/10.3.1/../../../arm-none-eabi/lib/libc.a(lib_a-atexit.o)
 .debug_aranges
                0x0000000000000100       0x20 /usr/lib/gcc/arm-none-eabi/10.3.1/../../../arm-none-eabi/lib/libc.a(lib_a-exit.o)
 .debug_aranges
                0x0000000000000120       0x20 /usr/lib/gcc/arm-none-eabi/10.3.1/../../../arm-none-eabi/lib/libc.a(lib_a-fini.o)
 .debug_aranges
                0x0000000000000140       0x18 /usr/lib/gcc/arm-none-eabi/10.3.1/../../../arm-none-eabi/lib/libc.a(lib_a-impure.o)
 .debug_aranges
                0x0000000000000158       0x20 /usr/lib/gcc/arm-none-eabi/10.3.1/../../../arm-none-eabi/lib/libc.a(lib_a-init.o)
 .debug_aranges
                0x0000000000000178       0x20 /usr/lib/gcc/arm-none-eabi/10.3.1/../../../arm-none-eabi/lib/libc.a(lib_a-memset.o)
 .debug_aranges
                0x0000000000000198       0x20 /usr/lib/gcc/arm-none-eabi/10.3.1/../../../arm-none-eabi/lib/libc.a(lib_a-putchar.o)
 .debug_aranges
                0x00000000000001b8       0x20 /usr/lib/gcc/arm-none-eabi/10.3.1/../../../arm-none-eabi/lib/libc.a(lib_a-__atexit.o)
 .debug_aranges
                0x00000000000001d8       0x28 /usr/lib/gcc/arm-none-eabi/10.3.1/../../../arm-none-eabi/lib/libc.a(lib_a-__call_atexit.o)
 .debug_aranges
                0x0000000000000200       0x20 /usr/lib/gcc/arm-none-eabi/10.3.1/../../../arm-none-eabi/lib/libc.a(lib_a-putc.o)
 .debug_aranges
                0x0000000000000220       0x20 /usr/lib/gcc/arm-none-eabi/10.3.1/../../../arm-none-eabi/lib/libc.a(lib_a-wbuf.o)
 .debug_aranges
                0x0000000000000240       0x20 /usr/lib/gcc/arm-none-eabi/10.3.1/../../../arm-none-eabi/lib/libc.a(lib_a-wsetup.o)
 .debug_aranges
                0x0000000000000260       0x20 /usr/lib/gcc/arm-none-eabi/10.3.1/../../../arm-none-eabi/lib/libc.a(lib_a-fflush.o)
 .debug_aranges
                0x0000000000000280       0x20 /usr/lib/gcc/arm-none-eabi/10.3.1/../../../arm-none-eabi/lib/libc.a(lib_a-findfp.o)
 .debug_aranges
                0x00000000000002a0       0x20 /usr/lib/gcc/arm-none-eabi/10.3.1/../../../arm-none-eabi/lib/libc.a(lib_a-freer.o)
 .debug_aranges
                0x00000000000002c0       0x20 /usr/lib/gcc/arm-none-eabi/10.3.1/../../../arm-none-eabi/lib/libc.a(lib_a-fwalk.o)
 .debug_aranges
                0x00000000000002e0       0x20 /usr/lib/gcc/arm-none-eabi/10.3.1/../../../arm-none-eabi/lib/libc.a(lib_a-makebuf.o)
 .debug_aranges
                0x0000000000000300       0x20 /usr/lib/gcc/arm-none-eabi/10.3.1/../../../arm-none-eabi/lib/libc.a(lib_a-mallocr.o)
 .debug_aranges
                0x0000000000000320       0x20 /usr/lib/gcc/arm-none-eabi/10.3.1/../../../arm-none-eabi/lib/libc.a(lib_a-mlock.o)
 .debug_aranges
                0x0000000000000340       0x20 /usr/lib/gcc/arm-none-eabi/10.3.1/../../../arm-none-eabi/lib/libc.a(lib_a-sbrkr.o)
 .debug_aranges
                0x0000000000000360       0x20 /usr/lib/gcc/arm-none-eabi/10.3.1/../../../arm-none-eabi/lib/libc.a(lib_a-stdio.o)
 .debug_aranges
                0x0000000000000380       0x20 /usr/lib/gcc/arm-none-eabi/10.3.1/../../../arm-none-eabi/lib/libc.a(lib_a-writer.o)
 .debug_aranges
                0x00000000000003a0       0x20 /usr/lib/gcc/arm-none-eabi/10.3.1/../../../arm-none-eabi/lib/libc.a(lib_a-closer.o)
 .debug_aranges
                0x00000000000003c0       0x20 /usr/lib/gcc/arm-none-eabi/10.3.1/../../../arm-none-eabi/lib/libc.a(lib_a-fclose.o)
 .debug_aranges
                0x00000000000003e0       0x20 /usr/lib/gcc/arm-none-eabi/10.3.1/../../../arm-none-eabi/lib/libc.a(lib_a-fstatr.o)
 .debug_aranges
                0x0000000000000400       0x20 /usr/lib/gcc/arm-none-eabi/10.3.1/../../../arm-none-eabi/lib/libc.a(lib_a-isattyr.o)
 .debug_aranges
                0x0000000000000420       0x20 /usr/lib/gcc/arm-none-eabi/10.3.1/../../../arm-none-eabi/lib/libc.a(lib_a-lseekr.o)
 .debug_aranges
                0x0000000000000440       0x20 /usr/lib/gcc/arm-none-eabi/10.3.1/../../../arm-none-eabi/lib/libc.a(lib_a-readr.o)
 .debug_aranges
                0x0000000000000460       0x20 /usr/lib/gcc/arm-none-eabi/10.3.1/../../../arm-none-eabi/lib/libc.a(lib_a-reent.o)

.debug_pubnames
 *(.debug_pubnames)

.debug_info     0x0000000000000000    0x11599
 *(.debug_info .gnu.linkonce.wi.*)
 .debug_info    0x0000000000000000       0x26 /usr/lib/gcc/arm-none-eabi/10.3.1/../../../arm-none-eabi/lib/crt0.o
 .debug_info    0x0000000000000026       0x26 /usr/lib/gcc/arm-none-eabi/10.3.1/libgcc.a(_arm_mulsf3.o)
 .debug_info    0x000000000000004c       0x26 /usr/lib/gcc/arm-none-eabi/10.3.1/libgcc.a(_divsi3.o)
 .debug_info    0x0000000000000072       0x26 /usr/lib/gcc/arm-none-eabi/10.3.1/libgcc.a(_dvmd_tls.o)
 .debug_info    0x0000000000000098       0x26 /usr/lib/gcc/arm-none-eabi/10.3.1/libgcc.a(_arm_addsubsf3.o)
 .debug_info    0x00000000000000be       0x26 /usr/lib/gcc/arm-none-eabi/10.3.1/libgcc.a(_arm_muldivsf3.o)
 .debug_info    0x00000000000000e4       0x26 /usr/lib/gcc/arm-none-eabi/10.3.1/libgcc.a(_arm_fixunssfsi.o)
 .debug_info    0x000000000000010a      0x100 /usr/lib/gcc/arm-none-eabi/10.3.1/../../../arm-none-eabi/lib/libc.a(lib_a-atexit.o)
 .debug_info    0x000000000000020a      0x969 /usr/lib/gcc/arm-none-eabi/10.3.1/../../../arm-none-eabi/lib/libc.a(lib_a-exit.o)
 .debug_info    0x0000000000000b73      0x102 /usr/lib/gcc/arm-none-eabi/10.3.1/../../../arm-none-eabi/lib/libc.a(lib_a-fini.o)
 .debug_info    0x0000000000000c75      0x92a /usr/lib/gcc/arm-none-eabi/10.3.1/../../../arm-none-eabi/lib/libc.a(lib_a-impure.o)
 .debug_info    0x000000000000159f      0x11a /usr/lib/gcc/arm-none-eabi/10.3.1/../../../arm-none-eabi/lib/libc.a(lib_a-init.o)
 .debug_info    0x00000000000016b9      0x13d /usr/lib/gcc/arm-none-eabi/10.3.1/../../../arm-none-eabi/lib/libc.a(lib_a-memset.o)
 .debug_info    0x00000000000017f6      0x9b1 /usr/lib/gcc/arm-none-eabi/10.3.1/../../../arm-none-eabi/lib/libc.a(lib_a-putchar.o)
 .debug_info    0x00000000000021a7      0x9b0 /usr/lib/gcc/arm-none-eabi/10.3.1/../../../arm-none-eabi/lib/libc.a(lib_a-__atexit.o)
 .debug_info    0x0000000000002b57      0xa39 /usr/lib/gcc/arm-none-eabi/10.3.1/../../../arm-none-eabi/lib/libc.a(lib_a-__call_atexit.o)
 .debug_info    0x0000000000003590      0xb2b /usr/lib/gcc/arm-none-eabi/10.3.1/../../../arm-none-eabi/lib/libc.a(lib_a-putc.o)
 .debug_info    0x00000000000040bb      0xa5f /usr/lib/gcc/arm-none-eabi/10.3.1/../../../arm-none-eabi/lib/libc.a(lib_a-wbuf.o)
 .debug_info    0x0000000000004b1a      0x9c2 /usr/lib/gcc/arm-none-eabi/10.3.1/../../../arm-none-eabi/lib/libc.a(lib_a-wsetup.o)
 .debug_info    0x00000000000054dc      0xbec /usr/lib/gcc/arm-none-eabi/10.3.1/../../../arm-none-eabi/lib/libc.a(lib_a-fflush.o)
 .debug_info    0x00000000000060c8      0xf74 /usr/lib/gcc/arm-none-eabi/10.3.1/../../../arm-none-eabi/lib/libc.a(lib_a-findfp.o)
 .debug_info    0x000000000000703c      0xce5 /usr/lib/gcc/arm-none-eabi/10.3.1/../../../arm-none-eabi/lib/libc.a(lib_a-freer.o)
 .debug_info    0x0000000000007d21      0xa66 /usr/lib/gcc/arm-none-eabi/10.3.1/../../../arm-none-eabi/lib/libc.a(lib_a-fwalk.o)
 .debug_info    0x0000000000008787      0xdd6 /usr/lib/gcc/arm-none-eabi/10.3.1/../../../arm-none-eabi/lib/libc.a(lib_a-makebuf.o)
 .debug_info    0x000000000000955d      0xea7 /usr/lib/gcc/arm-none-eabi/10.3.1/../../../arm-none-eabi/lib/libc.a(lib_a-mallocr.o)
 .debug_info    0x000000000000a404      0x942 /usr/lib/gcc/arm-none-eabi/10.3.1/../../../arm-none-eabi/lib/libc.a(lib_a-mlock.o)
 .debug_info    0x000000000000ad46      0x98e /usr/lib/gcc/arm-none-eabi/10.3.1/../../../arm-none-eabi/lib/libc.a(lib_a-sbrkr.o)
 .debug_info    0x000000000000b6d4      0xc27 /usr/lib/gcc/arm-none-eabi/10.3.1/../../../arm-none-eabi/lib/libc.a(lib_a-stdio.o)
 .debug_info    0x000000000000c2fb      0x9c0 /usr/lib/gcc/arm-none-eabi/10.3.1/../../../arm-none-eabi/lib/libc.a(lib_a-writer.o)
 .debug_info    0x000000000000ccbb      0x96b /usr/lib/gcc/arm-none-eabi/10.3.1/../../../arm-none-eabi/lib/libc.a(lib_a-closer.o)
 .debug_info    0x000000000000d626      0xb4a /usr/lib/gcc/arm-none-eabi/10.3.1/../../../arm-none-eabi/lib/libc.a(lib_a-fclose.o)
 .debug_info    0x000000000000e170      0xb83 /usr/lib/gcc/arm-none-eabi/10.3.1/../../../arm-none-eabi/lib/libc.a(lib_a-fstatr.o)
 .debug_info    0x000000000000ecf3      0x96b /usr/lib/gcc/arm-none-eabi/10.3.1/../../../arm-none-eabi/lib/libc.a(lib_a-isattyr.o)
 .debug_info    0x000000000000f65e      0x9a1 /usr/lib/gcc/arm-none-eabi/10.3.1/../../../arm-none-eabi/lib/libc.a(lib_a-lseekr.o)
 .debug_info    0x000000000000ffff      0x9b9 /usr/lib/gcc/arm-none-eabi/10.3.1/../../../arm-none-eabi/lib/libc.a(lib_a-readr.o)
 .debug_info    0x00000000000109b8      0xbe1 /usr/lib/gcc/arm-none-eabi/10.3.1/../../../arm-none-eabi/lib/libc.a(lib_a-reent.o)

.debug_abbrev   0x0000000000000000     0x408e
 *(.debug_abbrev)
 .debug_abbrev  0x0000000000000000       0x14 /usr/lib/gcc/arm-none-eabi/10.3.1/../../../arm-none-eabi/lib/crt0.o
 .debug_abbrev  0x0000000000000014       0x14 /usr/lib/gcc/arm-none-eabi/10.3.1/libgcc.a(_arm_mulsf3.o)
 .debug_abbrev  0x0000000000000028       0x14 /usr/lib/gcc/arm-none-eabi/10.3.1/libgcc.a(_divsi3.o)
 .debug_abbrev  0x000000000000003c       0x14 /usr/lib/gcc/arm-none-eabi/10.3.1/libgcc.a(_dvmd_tls.o)
 .debug_abbrev  0x0000000000000050       0x14 /usr/lib/gcc/arm-none-eabi/10.3.1/libgcc.a(_arm_addsubsf3.o)
 .debug_abbrev  0x0000000000000064       0x14 /usr/lib/gcc/arm-none-eabi/10.3.1/libgcc.a(_arm_muldivsf3.o)
 .debug_abbrev  0x0000000000000078       0x14 /usr/lib/gcc/arm-none-eabi/10.3.1/libgcc.a(_arm_fixunssfsi.o)
 .debug_abbrev  0x000000000000008c       0xb4 /usr/lib/gcc/arm-none-eabi/10.3.1/../../../arm-none-eabi/lib/libc.a(lib_a-atexit.o)
 .debug_abbrev  0x0000000000000140      0x20c /usr/lib/gcc/arm-none-eabi/10.3.1/../../../arm-none-eabi/lib/libc.a(lib_a-exit.o)
 .debug_abbrev  0x000000000000034c       0xcc /usr/lib/gcc/arm-none-eabi/10.3.1/../../../arm-none-eabi/lib/libc.a(lib_a-fini.o)
 .debug_abbrev  0x0000000000000418      0x1b8 /usr/lib/gcc/arm-none-eabi/10.3.1/../../../arm-none-eabi/lib/libc.a(lib_a-impure.o)
 .debug_abbrev  0x00000000000005d0       0xcc /usr/lib/gcc/arm-none-eabi/10.3.1/../../../arm-none-eabi/lib/libc.a(lib_a-init.o)
 .debug_abbrev  0x000000000000069c       0xb4 /usr/lib/gcc/arm-none-eabi/10.3.1/../../../arm-none-eabi/lib/libc.a(lib_a-memset.o)
 .debug_abbrev  0x0000000000000750      0x230 /usr/lib/gcc/arm-none-eabi/10.3.1/../../../arm-none-eabi/lib/libc.a(lib_a-putchar.o)
 .debug_abbrev  0x0000000000000980      0x23f /usr/lib/gcc/arm-none-eabi/10.3.1/../../../arm-none-eabi/lib/libc.a(lib_a-__atexit.o)
 .debug_abbrev  0x0000000000000bbf      0x2a6 /usr/lib/gcc/arm-none-eabi/10.3.1/../../../arm-none-eabi/lib/libc.a(lib_a-__call_atexit.o)
 .debug_abbrev  0x0000000000000e65      0x2aa /usr/lib/gcc/arm-none-eabi/10.3.1/../../../arm-none-eabi/lib/libc.a(lib_a-putc.o)
 .debug_abbrev  0x000000000000110f      0x286 /usr/lib/gcc/arm-none-eabi/10.3.1/../../../arm-none-eabi/lib/libc.a(lib_a-wbuf.o)
 .debug_abbrev  0x0000000000001395      0x246 /usr/lib/gcc/arm-none-eabi/10.3.1/../../../arm-none-eabi/lib/libc.a(lib_a-wsetup.o)
 .debug_abbrev  0x00000000000015db      0x347 /usr/lib/gcc/arm-none-eabi/10.3.1/../../../arm-none-eabi/lib/libc.a(lib_a-fflush.o)
 .debug_abbrev  0x0000000000001922      0x417 /usr/lib/gcc/arm-none-eabi/10.3.1/../../../arm-none-eabi/lib/libc.a(lib_a-findfp.o)
 .debug_abbrev  0x0000000000001d39      0x2a1 /usr/lib/gcc/arm-none-eabi/10.3.1/../../../arm-none-eabi/lib/libc.a(lib_a-freer.o)
 .debug_abbrev  0x0000000000001fda      0x1fe /usr/lib/gcc/arm-none-eabi/10.3.1/../../../arm-none-eabi/lib/libc.a(lib_a-fwalk.o)
 .debug_abbrev  0x00000000000021d8      0x2f7 /usr/lib/gcc/arm-none-eabi/10.3.1/../../../arm-none-eabi/lib/libc.a(lib_a-makebuf.o)
 .debug_abbrev  0x00000000000024cf      0x2f6 /usr/lib/gcc/arm-none-eabi/10.3.1/../../../arm-none-eabi/lib/libc.a(lib_a-mallocr.o)
 .debug_abbrev  0x00000000000027c5      0x1f0 /usr/lib/gcc/arm-none-eabi/10.3.1/../../../arm-none-eabi/lib/libc.a(lib_a-mlock.o)
 .debug_abbrev  0x00000000000029b5      0x23d /usr/lib/gcc/arm-none-eabi/10.3.1/../../../arm-none-eabi/lib/libc.a(lib_a-sbrkr.o)
 .debug_abbrev  0x0000000000002bf2      0x242 /usr/lib/gcc/arm-none-eabi/10.3.1/../../../arm-none-eabi/lib/libc.a(lib_a-stdio.o)
 .debug_abbrev  0x0000000000002e34      0x217 /usr/lib/gcc/arm-none-eabi/10.3.1/../../../arm-none-eabi/lib/libc.a(lib_a-writer.o)
 .debug_abbrev  0x000000000000304b      0x212 /usr/lib/gcc/arm-none-eabi/10.3.1/../../../arm-none-eabi/lib/libc.a(lib_a-closer.o)
 .debug_abbrev  0x000000000000325d      0x2f1 /usr/lib/gcc/arm-none-eabi/10.3.1/../../../arm-none-eabi/lib/libc.a(lib_a-fclose.o)
 .debug_abbrev  0x000000000000354e      0x226 /usr/lib/gcc/arm-none-eabi/10.3.1/../../../arm-none-eabi/lib/libc.a(lib_a-fstatr.o)
 .debug_abbrev  0x0000000000003774      0x212 /usr/lib/gcc/arm-none-eabi/10.3.1/../../../arm-none-eabi/lib/libc.a(lib_a-isattyr.o)
 .debug_abbrev  0x0000000000003986      0x226 /usr/lib/gcc/arm-none-eabi/10.3.1/../../../arm-none-eabi/lib/libc.a(lib_a-lseekr.o)
 .debug_abbrev  0x0000000000003bac      0x212 /usr/lib/gcc/arm-none-eabi/10.3.1/../../../arm-none-eabi/lib/libc.a(lib_a-readr.o)
 .debug_abbrev  0x0000000000003dbe      0x2d0 /usr/lib/gcc/arm-none-eabi/10.3.1/../../../arm-none-eabi/lib/libc.a(lib_a-reent.o)

.debug_line     0x0000000000000000     0x4a57
 *(.debug_line .debug_line.* .debug_line_end)
 .debug_line    0x0000000000000000       0xa3 /usr/lib/gcc/arm-none-eabi/10.3.1/../../../arm-none-eabi/lib/crt0.o
 .debug_line    0x00000000000000a3       0xbd /usr/lib/gcc/arm-none-eabi/10.3.1/libgcc.a(_arm_mulsf3.o)
 .debug_line    0x0000000000000160       0x80 /usr/lib/gcc/arm-none-eabi/10.3.1/libgcc.a(_divsi3.o)
 .debug_line    0x00000000000001e0       0x57 /usr/lib/gcc/arm-none-eabi/10.3.1/libgcc.a(_dvmd_tls.o)
 .debug_line    0x0000000000000237      0x10d /usr/lib/gcc/arm-none-eabi/10.3.1/libgcc.a(_arm_addsubsf3.o)
 .debug_line    0x0000000000000344      0x117 /usr/lib/gcc/arm-none-eabi/10.3.1/libgcc.a(_arm_muldivsf3.o)
 .debug_line    0x000000000000045b       0x6c /usr/lib/gcc/arm-none-eabi/10.3.1/libgcc.a(_arm_fixunssfsi.o)
 .debug_line    0x00000000000004c7       0xbc /usr/lib/gcc/arm-none-eabi/10.3.1/../../../arm-none-eabi/lib/libc.a(lib_a-atexit.o)
 .debug_line    0x0000000000000583      0x170 /usr/lib/gcc/arm-none-eabi/10.3.1/../../../arm-none-eabi/lib/libc.a(lib_a-exit.o)
 .debug_line    0x00000000000006f3       0xdb /usr/lib/gcc/arm-none-eabi/10.3.1/../../../arm-none-eabi/lib/libc.a(lib_a-fini.o)
 .debug_line    0x00000000000007ce       0xdb /usr/lib/gcc/arm-none-eabi/10.3.1/../../../arm-none-eabi/lib/libc.a(lib_a-impure.o)
 .debug_line    0x00000000000008a9      0x121 /usr/lib/gcc/arm-none-eabi/10.3.1/../../../arm-none-eabi/lib/libc.a(lib_a-init.o)
 .debug_line    0x00000000000009ca      0x1d5 /usr/lib/gcc/arm-none-eabi/10.3.1/../../../arm-none-eabi/lib/libc.a(lib_a-memset.o)
 .debug_line    0x0000000000000b9f      0x15f /usr/lib/gcc/arm-none-eabi/10.3.1/../../../arm-none-eabi/lib/libc.a(lib_a-putchar.o)
 .debug_line    0x0000000000000cfe      0x190 /usr/lib/gcc/arm-none-eabi/10.3.1/../../../arm-none-eabi/lib/libc.a(lib_a-__atexit.o)
 .debug_line    0x0000000000000e8e      0x289 /usr/lib/gcc/arm-none-eabi/10.3.1/../../../arm-none-eabi/lib/libc.a(lib_a-__call_atexit.o)
 .debug_line    0x0000000000001117      0x294 /usr/lib/gcc/arm-none-eabi/10.3.1/../../../arm-none-eabi/lib/libc.a(lib_a-putc.o)
 .debug_line    0x00000000000013ab      0x275 /usr/lib/gcc/arm-none-eabi/10.3.1/../../../arm-none-eabi/lib/libc.a(lib_a-wbuf.o)
 .debug_line    0x0000000000001620      0x317 /usr/lib/gcc/arm-none-eabi/10.3.1/../../../arm-none-eabi/lib/libc.a(lib_a-wsetup.o)
 .debug_line    0x0000000000001937      0x46d /usr/lib/gcc/arm-none-eabi/10.3.1/../../../arm-none-eabi/lib/libc.a(lib_a-fflush.o)
 .debug_line    0x0000000000001da4      0x561 /usr/lib/gcc/arm-none-eabi/10.3.1/../../../arm-none-eabi/lib/libc.a(lib_a-findfp.o)
 .debug_line    0x0000000000002305      0x4d2 /usr/lib/gcc/arm-none-eabi/10.3.1/../../../arm-none-eabi/lib/libc.a(lib_a-freer.o)
 .debug_line    0x00000000000027d7      0x276 /usr/lib/gcc/arm-none-eabi/10.3.1/../../../arm-none-eabi/lib/libc.a(lib_a-fwalk.o)
 .debug_line    0x0000000000002a4d      0x3b9 /usr/lib/gcc/arm-none-eabi/10.3.1/../../../arm-none-eabi/lib/libc.a(lib_a-makebuf.o)
 .debug_line    0x0000000000002e06      0x8c3 /usr/lib/gcc/arm-none-eabi/10.3.1/../../../arm-none-eabi/lib/libc.a(lib_a-mallocr.o)
 .debug_line    0x00000000000036c9      0x135 /usr/lib/gcc/arm-none-eabi/10.3.1/../../../arm-none-eabi/lib/libc.a(lib_a-mlock.o)
 .debug_line    0x00000000000037fe      0x192 /usr/lib/gcc/arm-none-eabi/10.3.1/../../../arm-none-eabi/lib/libc.a(lib_a-sbrkr.o)
 .debug_line    0x0000000000003990      0x226 /usr/lib/gcc/arm-none-eabi/10.3.1/../../../arm-none-eabi/lib/libc.a(lib_a-stdio.o)
 .debug_line    0x0000000000003bb6      0x183 /usr/lib/gcc/arm-none-eabi/10.3.1/../../../arm-none-eabi/lib/libc.a(lib_a-writer.o)
 .debug_line    0x0000000000003d39      0x186 /usr/lib/gcc/arm-none-eabi/10.3.1/../../../arm-none-eabi/lib/libc.a(lib_a-closer.o)
 .debug_line    0x0000000000003ebf      0x29b /usr/lib/gcc/arm-none-eabi/10.3.1/../../../arm-none-eabi/lib/libc.a(lib_a-fclose.o)
 .debug_line    0x000000000000415a      0x1ff /usr/lib/gcc/arm-none-eabi/10.3.1/../../../arm-none-eabi/lib/libc.a(lib_a-fstatr.o)
 .debug_line    0x0000000000004359      0x187 /usr/lib/gcc/arm-none-eabi/10.3.1/../../../arm-none-eabi/lib/libc.a(lib_a-isattyr.o)
 .debug_line    0x00000000000044e0      0x183 /usr/lib/gcc/arm-none-eabi/10.3.1/../../../arm-none-eabi/lib/libc.a(lib_a-lseekr.o)
 .debug_line    0x0000000000004663      0x182 /usr/lib/gcc/arm-none-eabi/10.3.1/../../../arm-none-eabi/lib/libc.a(lib_a-readr.o)
 .debug_line    0x00000000000047e5      0x272 /usr/lib/gcc/arm-none-eabi/10.3.1/../../../arm-none-eabi/lib/libc.a(lib_a-reent.o)

.debug_frame    0x0000000000000000      0xb24
 *(.debug_frame)
 .debug_frame   0x0000000000000000       0x24 /usr/lib/gcc/arm-none-eabi/10.3.1/libgcc.a(_arm_mulsf3.o)
 .debug_frame   0x0000000000000024       0x20 /usr/lib/gcc/arm-none-eabi/10.3.1/libgcc.a(_divsi3.o)
 .debug_frame   0x0000000000000044       0x4c /usr/lib/gcc/arm-none-eabi/10.3.1/libgcc.a(_arm_addsubsf3.o)
 .debug_frame   0x0000000000000090       0x38 /usr/lib/gcc/arm-none-eabi/10.3.1/libgcc.a(_arm_muldivsf3.o)
 .debug_frame   0x00000000000000c8       0x24 /usr/lib/gcc/arm-none-eabi/10.3.1/libgcc.a(_arm_fixunssfsi.o)
 .debug_frame   0x00000000000000ec       0x2c /usr/lib/gcc/arm-none-eabi/10.3.1/../../../arm-none-eabi/lib/libc.a(lib_a-atexit.o)
 .debug_frame   0x0000000000000118       0x28 /usr/lib/gcc/arm-none-eabi/10.3.1/../../../arm-none-eabi/lib/libc.a(lib_a-exit.o)
 .debug_frame   0x0000000000000140       0x34 /usr/lib/gcc/arm-none-eabi/10.3.1/../../../arm-none-eabi/lib/libc.a(lib_a-fini.o)
 .debug_frame   0x0000000000000174       0x34 /usr/lib/gcc/arm-none-eabi/10.3.1/../../../arm-none-eabi/lib/libc.a(lib_a-init.o)
 .debug_frame   0x00000000000001a8       0x48 /usr/lib/gcc/arm-none-eabi/10.3.1/../../../arm-none-eabi/lib/libc.a(lib_a-memset.o)
 .debug_frame   0x00000000000001f0       0x48 /usr/lib/gcc/arm-none-eabi/10.3.1/../../../arm-none-eabi/lib/libc.a(lib_a-putchar.o)
 .debug_frame   0x0000000000000238       0x30 /usr/lib/gcc/arm-none-eabi/10.3.1/../../../arm-none-eabi/lib/libc.a(lib_a-__atexit.o)
 .debug_frame   0x0000000000000268       0x68 /usr/lib/gcc/arm-none-eabi/10.3.1/../../../arm-none-eabi/lib/libc.a(lib_a-__call_atexit.o)
 .debug_frame   0x00000000000002d0       0x70 /usr/lib/gcc/arm-none-eabi/10.3.1/../../../arm-none-eabi/lib/libc.a(lib_a-putc.o)
 .debug_frame   0x0000000000000340       0x4c /usr/lib/gcc/arm-none-eabi/10.3.1/../../../arm-none-eabi/lib/libc.a(lib_a-wbuf.o)
 .debug_frame   0x000000000000038c       0x40 /usr/lib/gcc/arm-none-eabi/10.3.1/../../../arm-none-eabi/lib/libc.a(lib_a-wsetup.o)
 .debug_frame   0x00000000000003cc       0xbc /usr/lib/gcc/arm-none-eabi/10.3.1/../../../arm-none-eabi/lib/libc.a(lib_a-fflush.o)
 .debug_frame   0x0000000000000488      0x170 /usr/lib/gcc/arm-none-eabi/10.3.1/../../../arm-none-eabi/lib/libc.a(lib_a-findfp.o)
 .debug_frame   0x00000000000005f8       0x70 /usr/lib/gcc/arm-none-eabi/10.3.1/../../../arm-none-eabi/lib/libc.a(lib_a-freer.o)
 .debug_frame   0x0000000000000668       0x68 /usr/lib/gcc/arm-none-eabi/10.3.1/../../../arm-none-eabi/lib/libc.a(lib_a-fwalk.o)
 .debug_frame   0x00000000000006d0       0x98 /usr/lib/gcc/arm-none-eabi/10.3.1/../../../arm-none-eabi/lib/libc.a(lib_a-makebuf.o)
 .debug_frame   0x0000000000000768       0x84 /usr/lib/gcc/arm-none-eabi/10.3.1/../../../arm-none-eabi/lib/libc.a(lib_a-mallocr.o)
 .debug_frame   0x00000000000007ec       0x30 /usr/lib/gcc/arm-none-eabi/10.3.1/../../../arm-none-eabi/lib/libc.a(lib_a-mlock.o)
 .debug_frame   0x000000000000081c       0x3c /usr/lib/gcc/arm-none-eabi/10.3.1/../../../arm-none-eabi/lib/libc.a(lib_a-sbrkr.o)
 .debug_frame   0x0000000000000858       0xa0 /usr/lib/gcc/arm-none-eabi/10.3.1/../../../arm-none-eabi/lib/libc.a(lib_a-stdio.o)
 .debug_frame   0x00000000000008f8       0x34 /usr/lib/gcc/arm-none-eabi/10.3.1/../../../arm-none-eabi/lib/libc.a(lib_a-writer.o)
 .debug_frame   0x000000000000092c       0x34 /usr/lib/gcc/arm-none-eabi/10.3.1/../../../arm-none-eabi/lib/libc.a(lib_a-closer.o)
 .debug_frame   0x0000000000000960       0x98 /usr/lib/gcc/arm-none-eabi/10.3.1/../../../arm-none-eabi/lib/libc.a(lib_a-fclose.o)
 .debug_frame   0x00000000000009f8       0x34 /usr/lib/gcc/arm-none-eabi/10.3.1/../../../arm-none-eabi/lib/libc.a(lib_a-fstatr.o)
 .debug_frame   0x0000000000000a2c       0x34 /usr/lib/gcc/arm-none-eabi/10.3.1/../../../arm-none-eabi/lib/libc.a(lib_a-isattyr.o)
 .debug_frame   0x0000000000000a60       0x34 /usr/lib/gcc/arm-none-eabi/10.3.1/../../../arm-none-eabi/lib/libc.a(lib_a-lseekr.o)
 .debug_frame   0x0000000000000a94       0x34 /usr/lib/gcc/arm-none-eabi/10.3.1/../../../arm-none-eabi/lib/libc.a(lib_a-readr.o)
 .debug_frame   0x0000000000000ac8       0x5c /usr/lib/gcc/arm-none-eabi/10.3.1/../../../arm-none-eabi/lib/libc.a(lib_a-reent.o)

.debug_str      0x0000000000000000     0x12fd
 *(.debug_str)
 .debug_str     0x0000000000000000       0x7b /usr/lib/gcc/arm-none-eabi/10.3.1/../../../arm-none-eabi/lib/crt0.o
 .debug_str     0x000000000000007b       0x82 /usr/lib/gcc/arm-none-eabi/10.3.1/libgcc.a(_arm_mulsf3.o)
                                         0x8e (size before relaxing)
 .debug_str     0x00000000000000fd       0x27 /usr/lib/gcc/arm-none-eabi/10.3.1/libgcc.a(_divsi3.o)
                                         0x8d (size before relaxing)
 .debug_str     0x0000000000000124       0x8d /usr/lib/gcc/arm-none-eabi/10.3.1/libgcc.a(_dvmd_tls.o)
 .debug_str     0x0000000000000124       0x8e /usr/lib/gcc/arm-none-eabi/10.3.1/libgcc.a(_arm_addsubsf3.o)
 .debug_str     0x0000000000000124       0x8e /usr/lib/gcc/arm-none-eabi/10.3.1/libgcc.a(_arm_muldivsf3.o)
 .debug_str     0x0000000000000124       0x8e /usr/lib/gcc/arm-none-eabi/10.3.1/libgcc.a(_arm_fixunssfsi.o)
 .debug_str     0x0000000000000124      0x17e /usr/lib/gcc/arm-none-eabi/10.3.1/../../../arm-none-eabi/lib/libc.a(lib_a-atexit.o)
                                        0x1be (size before relaxing)
 .debug_str     0x00000000000002a2      0x3c8 /usr/lib/gcc/arm-none-eabi/10.3.1/../../../arm-none-eabi/lib/libc.a(lib_a-exit.o)
                                        0x565 (size before relaxing)
 .debug_str     0x000000000000066a       0xa4 /usr/lib/gcc/arm-none-eabi/10.3.1/../../../arm-none-eabi/lib/libc.a(lib_a-fini.o)
                                        0x1b6 (size before relaxing)
 .debug_str     0x000000000000070e       0x7e /usr/lib/gcc/arm-none-eabi/10.3.1/../../../arm-none-eabi/lib/libc.a(lib_a-impure.o)
                                        0x55c (size before relaxing)
 .debug_str     0x000000000000078c       0x87 /usr/lib/gcc/arm-none-eabi/10.3.1/../../../arm-none-eabi/lib/libc.a(lib_a-init.o)
                                        0x1e0 (size before relaxing)
 .debug_str     0x0000000000000813       0x8f /usr/lib/gcc/arm-none-eabi/10.3.1/../../../arm-none-eabi/lib/libc.a(lib_a-memset.o)
                                        0x195 (size before relaxing)
 .debug_str     0x00000000000008a2       0x8e /usr/lib/gcc/arm-none-eabi/10.3.1/../../../arm-none-eabi/lib/libc.a(lib_a-putchar.o)
                                        0x55f (size before relaxing)
 .debug_str     0x0000000000000930       0x32 /usr/lib/gcc/arm-none-eabi/10.3.1/../../../arm-none-eabi/lib/libc.a(lib_a-__atexit.o)
                                        0x596 (size before relaxing)
 .debug_str     0x0000000000000962       0x73 /usr/lib/gcc/arm-none-eabi/10.3.1/../../../arm-none-eabi/lib/libc.a(lib_a-__call_atexit.o)
                                        0x5c2 (size before relaxing)
 .debug_str     0x00000000000009d5       0x59 /usr/lib/gcc/arm-none-eabi/10.3.1/../../../arm-none-eabi/lib/libc.a(lib_a-putc.o)
                                        0x58b (size before relaxing)
 .debug_str     0x0000000000000a2e       0x46 /usr/lib/gcc/arm-none-eabi/10.3.1/../../../arm-none-eabi/lib/libc.a(lib_a-wbuf.o)
                                        0x580 (size before relaxing)
 .debug_str     0x0000000000000a74       0x3f /usr/lib/gcc/arm-none-eabi/10.3.1/../../../arm-none-eabi/lib/libc.a(lib_a-wsetup.o)
                                        0x57b (size before relaxing)
 .debug_str     0x0000000000000ab3       0x5a /usr/lib/gcc/arm-none-eabi/10.3.1/../../../arm-none-eabi/lib/libc.a(lib_a-fflush.o)
                                        0x5bc (size before relaxing)
 .debug_str     0x0000000000000b0d      0x150 /usr/lib/gcc/arm-none-eabi/10.3.1/../../../arm-none-eabi/lib/libc.a(lib_a-findfp.o)
                                        0x6b0 (size before relaxing)
 .debug_str     0x0000000000000c5d      0x169 /usr/lib/gcc/arm-none-eabi/10.3.1/../../../arm-none-eabi/lib/libc.a(lib_a-freer.o)
                                        0x6ab (size before relaxing)
 .debug_str     0x0000000000000dc6       0x38 /usr/lib/gcc/arm-none-eabi/10.3.1/../../../arm-none-eabi/lib/libc.a(lib_a-fwalk.o)
                                        0x561 (size before relaxing)
 .debug_str     0x0000000000000dfe      0x163 /usr/lib/gcc/arm-none-eabi/10.3.1/../../../arm-none-eabi/lib/libc.a(lib_a-makebuf.o)
                                        0x6dd (size before relaxing)
 .debug_str     0x0000000000000f61       0xe5 /usr/lib/gcc/arm-none-eabi/10.3.1/../../../arm-none-eabi/lib/libc.a(lib_a-mallocr.o)
                                        0x761 (size before relaxing)
 .debug_str     0x0000000000001046       0x43 /usr/lib/gcc/arm-none-eabi/10.3.1/../../../arm-none-eabi/lib/libc.a(lib_a-mlock.o)
                                        0x569 (size before relaxing)
 .debug_str     0x0000000000001089       0x3e /usr/lib/gcc/arm-none-eabi/10.3.1/../../../arm-none-eabi/lib/libc.a(lib_a-sbrkr.o)
                                        0x553 (size before relaxing)
 .debug_str     0x00000000000010c7       0x89 /usr/lib/gcc/arm-none-eabi/10.3.1/../../../arm-none-eabi/lib/libc.a(lib_a-stdio.o)
                                        0x5b0 (size before relaxing)
 .debug_str     0x0000000000001150       0x2a /usr/lib/gcc/arm-none-eabi/10.3.1/../../../arm-none-eabi/lib/libc.a(lib_a-writer.o)
                                        0x550 (size before relaxing)
 .debug_str     0x000000000000117a       0x2a /usr/lib/gcc/arm-none-eabi/10.3.1/../../../arm-none-eabi/lib/libc.a(lib_a-closer.o)
                                        0x540 (size before relaxing)
 .debug_str     0x00000000000011a4       0x40 /usr/lib/gcc/arm-none-eabi/10.3.1/../../../arm-none-eabi/lib/libc.a(lib_a-fclose.o)
                                        0x5a9 (size before relaxing)
 .debug_str     0x00000000000011e4       0x37 /usr/lib/gcc/arm-none-eabi/10.3.1/../../../arm-none-eabi/lib/libc.a(lib_a-fstatr.o)
                                        0x692 (size before relaxing)
 .debug_str     0x000000000000121b       0x33 /usr/lib/gcc/arm-none-eabi/10.3.1/../../../arm-none-eabi/lib/libc.a(lib_a-isattyr.o)
                                        0x54a (size before relaxing)
 .debug_str     0x000000000000124e       0x31 /usr/lib/gcc/arm-none-eabi/10.3.1/../../../arm-none-eabi/lib/libc.a(lib_a-lseekr.o)
                                        0x54e (size before relaxing)
 .debug_str     0x000000000000127f       0x29 /usr/lib/gcc/arm-none-eabi/10.3.1/../../../arm-none-eabi/lib/libc.a(lib_a-readr.o)
                                        0x54e (size before relaxing)
 .debug_str     0x00000000000012a8       0x55 /usr/lib/gcc/arm-none-eabi/10.3.1/../../../arm-none-eabi/lib/libc.a(lib_a-reent.o)
                                        0x57b (size before relaxing)

.debug_loc      0x0000000000000000     0x4084
 *(.debug_loc)
 .debug_loc     0x0000000000000000       0x32 /usr/lib/gcc/arm-none-eabi/10.3.1/../../../arm-none-eabi/lib/libc.a(lib_a-atexit.o)
 .debug_loc     0x0000000000000032       0x22 /usr/lib/gcc/arm-none-eabi/10.3.1/../../../arm-none-eabi/lib/libc.a(lib_a-exit.o)
 .debug_loc     0x0000000000000054       0x68 /usr/lib/gcc/arm-none-eabi/10.3.1/../../../arm-none-eabi/lib/libc.a(lib_a-fini.o)
 .debug_loc     0x00000000000000bc       0xba /usr/lib/gcc/arm-none-eabi/10.3.1/../../../arm-none-eabi/lib/libc.a(lib_a-init.o)
 .debug_loc     0x0000000000000176      0x313 /usr/lib/gcc/arm-none-eabi/10.3.1/../../../arm-none-eabi/lib/libc.a(lib_a-memset.o)
 .debug_loc     0x0000000000000489       0x91 /usr/lib/gcc/arm-none-eabi/10.3.1/../../../arm-none-eabi/lib/libc.a(lib_a-putchar.o)
 .debug_loc     0x000000000000051a      0x148 /usr/lib/gcc/arm-none-eabi/10.3.1/../../../arm-none-eabi/lib/libc.a(lib_a-__atexit.o)
 .debug_loc     0x0000000000000662      0x1af /usr/lib/gcc/arm-none-eabi/10.3.1/../../../arm-none-eabi/lib/libc.a(lib_a-__call_atexit.o)
 .debug_loc     0x0000000000000811      0x468 /usr/lib/gcc/arm-none-eabi/10.3.1/../../../arm-none-eabi/lib/libc.a(lib_a-putc.o)
 .debug_loc     0x0000000000000c79      0x1ea /usr/lib/gcc/arm-none-eabi/10.3.1/../../../arm-none-eabi/lib/libc.a(lib_a-wbuf.o)
 .debug_loc     0x0000000000000e63       0xf4 /usr/lib/gcc/arm-none-eabi/10.3.1/../../../arm-none-eabi/lib/libc.a(lib_a-wsetup.o)
 .debug_loc     0x0000000000000f57      0x514 /usr/lib/gcc/arm-none-eabi/10.3.1/../../../arm-none-eabi/lib/libc.a(lib_a-fflush.o)
 .debug_loc     0x000000000000146b      0x3ea /usr/lib/gcc/arm-none-eabi/10.3.1/../../../arm-none-eabi/lib/libc.a(lib_a-findfp.o)
 .debug_loc     0x0000000000001855      0x600 /usr/lib/gcc/arm-none-eabi/10.3.1/../../../arm-none-eabi/lib/libc.a(lib_a-freer.o)
 .debug_loc     0x0000000000001e55      0x1d1 /usr/lib/gcc/arm-none-eabi/10.3.1/../../../arm-none-eabi/lib/libc.a(lib_a-fwalk.o)
 .debug_loc     0x0000000000002026      0x45b /usr/lib/gcc/arm-none-eabi/10.3.1/../../../arm-none-eabi/lib/libc.a(lib_a-makebuf.o)
 .debug_loc     0x0000000000002481      0xe91 /usr/lib/gcc/arm-none-eabi/10.3.1/../../../arm-none-eabi/lib/libc.a(lib_a-mallocr.o)
 .debug_loc     0x0000000000003312       0x89 /usr/lib/gcc/arm-none-eabi/10.3.1/../../../arm-none-eabi/lib/libc.a(lib_a-sbrkr.o)
 .debug_loc     0x000000000000339b      0x3db /usr/lib/gcc/arm-none-eabi/10.3.1/../../../arm-none-eabi/lib/libc.a(lib_a-stdio.o)
 .debug_loc     0x0000000000003776       0xd0 /usr/lib/gcc/arm-none-eabi/10.3.1/../../../arm-none-eabi/lib/libc.a(lib_a-writer.o)
 .debug_loc     0x0000000000003846       0x6c /usr/lib/gcc/arm-none-eabi/10.3.1/../../../arm-none-eabi/lib/libc.a(lib_a-closer.o)
 .debug_loc     0x00000000000038b2      0x355 /usr/lib/gcc/arm-none-eabi/10.3.1/../../../arm-none-eabi/lib/libc.a(lib_a-fclose.o)
 .debug_loc     0x0000000000003c07       0x9e /usr/lib/gcc/arm-none-eabi/10.3.1/../../../arm-none-eabi/lib/libc.a(lib_a-fstatr.o)
 .debug_loc     0x0000000000003ca5       0x6c /usr/lib/gcc/arm-none-eabi/10.3.1/../../../arm-none-eabi/lib/libc.a(lib_a-isattyr.o)
 .debug_loc     0x0000000000003d11       0xd0 /usr/lib/gcc/arm-none-eabi/10.3.1/../../../arm-none-eabi/lib/libc.a(lib_a-lseekr.o)
 .debug_loc     0x0000000000003de1       0xd0 /usr/lib/gcc/arm-none-eabi/10.3.1/../../../arm-none-eabi/lib/libc.a(lib_a-readr.o)
 .debug_loc     0x0000000000003eb1      0x1d3 /usr/lib/gcc/arm-none-eabi/10.3.1/../../../arm-none-eabi/lib/libc.a(lib_a-reent.o)

.debug_macinfo
 *(.debug_macinfo)

.debug_weaknames
 *(.debug_weaknames)

.debug_funcnames
 *(.debug_funcnames)

.debug_typenames
 *(.debug_typenames)

.debug_varnames
 *(.debug_varnames)

.debug_pubtypes
 *(.debug_pubtypes)

.debug_ranges   0x0000000000000000      0x3e0
 *(.debug_ranges)
 .debug_ranges  0x0000000000000000       0x58 /usr/lib/gcc/arm-none-eabi/10.3.1/../../../arm-none-eabi/lib/libc.a(lib_a-__call_atexit.o)
 .debug_ranges  0x0000000000000058       0x78 /usr/lib/gcc/arm-none-eabi/10.3.1/../../../arm-none-eabi/lib/libc.a(lib_a-putc.o)
 .debug_ranges  0x00000000000000d0       0x28 /usr/lib/gcc/arm-none-eabi/10.3.1/../../../arm-none-eabi/lib/libc.a(lib_a-wbuf.o)
 .debug_ranges  0x00000000000000f8       0x20 /usr/lib/gcc/arm-none-eabi/10.3.1/../../../arm-none-eabi/lib/libc.a(lib_a-wsetup.o)
 .debug_ranges  0x0000000000000118       0x80 /usr/lib/gcc/arm-none-eabi/10.3.1/../../../arm-none-eabi/lib/libc.a(lib_a-fflush.o)
 .debug_ranges  0x0000000000000198      0x130 /usr/lib/gcc/arm-none-eabi/10.3.1/../../../arm-none-eabi/lib/libc.a(lib_a-findfp.o)
 .debug_ranges  0x00000000000002c8       0x70 /usr/lib/gcc/arm-none-eabi/10.3.1/../../../arm-none-eabi/lib/libc.a(lib_a-makebuf.o)
 .debug_ranges  0x0000000000000338       0x40 /usr/lib/gcc/arm-none-eabi/10.3.1/../../../arm-none-eabi/lib/libc.a(lib_a-mallocr.o)
 .debug_ranges  0x0000000000000378       0x68 /usr/lib/gcc/arm-none-eabi/10.3.1/../../../arm-none-eabi/lib/libc.a(lib_a-fclose.o)

.debug_addr
 *(.debug_addr)

.debug_line_str
 *(.debug_line_str)

.debug_loclists
 *(.debug_loclists)

.debug_macro
 *(.debug_macro)

.debug_names
 *(.debug_names)

.debug_rnglists
 *(.debug_rnglists)

.debug_str_offsets
 *(.debug_str_offsets)

.debug_sup
 *(.debug_sup)

.ARM.attributes
                0x0000000000000000       0x2c
 *(.ARM.attributes)
 .ARM.attributes
                0x0000000000000000       0x1c /usr/lib/gcc/arm-none-eabi/10.3.1/crti.o
 .ARM.attributes
                0x000000000000001c       0x2a /usr/lib/gcc/arm-none-eabi/10.3.1/crtbegin.o
 .ARM.attributes
                0x0000000000000046       0x1a /usr/lib/gcc/arm-none-eabi/10.3.1/../../../arm-none-eabi/lib/crt0.o
 .ARM.attributes
                0x0000000000000060       0x2a main.o
 .ARM.attributes
                0x000000000000008a       0x2a memory.o
 .ARM.attributes
                0x00000000000000b4       0x2e interrupts_msp432p401r_gcc.o
 .ARM.attributes
                0x00000000000000e2       0x30 startup_msp432p401r_gcc.o
 .ARM.attributes
                0x0000000000000112       0x2a system_msp432p401r.o
 .ARM.attributes
                0x000000000000013c       0x1c /usr/lib/gcc/arm-none-eabi/10.3.1/libgcc.a(_arm_mulsf3.o)
 .ARM.attributes
                0x0000000000000158       0x1c /usr/lib/gcc/arm-none-eabi/10.3.1/libgcc.a(_divsi3.o)
 .ARM.attributes
                0x0000000000000174       0x1c /usr/lib/gcc/arm-none-eabi/10.3.1/libgcc.a(_dvmd_tls.o)
 .ARM.attributes
                0x0000000000000190       0x1c /usr/lib/gcc/arm-none-eabi/10.3.1/libgcc.a(_arm_addsubsf3.o)
 .ARM.attributes
                0x00000000000001ac       0x1c /usr/lib/gcc/arm-none-eabi/10.3.1/libgcc.a(_arm_muldivsf3.o)
 .ARM.attributes
                0x00000000000001c8       0x1c /usr/lib/gcc/arm-none-eabi/10.3.1/libgcc.a(_arm_fixunssfsi.o)
 .ARM.attributes
                0x00000000000001e4       0x2a /usr/lib/gcc/arm-none-eabi/10.3.1/../../../arm-none-eabi/lib/libc.a(lib_a-atexit.o)
 .ARM.attributes
                0x000000000000020e       0x2a /usr/lib/gcc/arm-none-eabi/10.3.1/../../../arm-none-eabi/lib/libc.a(lib_a-exit.o)
 .ARM.attributes
                0x0000000000000238       0x2a /usr/lib/gcc/arm-none-eabi/10.3.1/../../../arm-none-eabi/lib/libc.a(lib_a-fini.o)
 .ARM.attributes
                0x0000000000000262       0x30 /usr/lib/gcc/arm-none-eabi/10.3.1/../../../arm-none-eabi/lib/libc.a(lib_a-impure.o)
 .ARM.attributes
                0x0000000000000292       0x2a /usr/lib/gcc/arm-none-eabi/10.3.1/../../../arm-none-eabi/lib/libc.a(lib_a-init.o)
 .ARM.attributes
                0x00000000000002bc       0x2a /usr/lib/gcc/arm-none-eabi/10.3.1/../../../arm-none-eabi/lib/libc.a(lib_a-memset.o)
 .ARM.attributes
                0x00000000000002e6       0x2a /usr/lib/gcc/arm-none-eabi/10.3.1/../../../arm-none-eabi/lib/libc.a(lib_a-putchar.o)
 .ARM.attributes
                0x0000000000000310       0x2a /usr/lib/gcc/arm-none-eabi/10.3.1/../../../arm-none-eabi/lib/libc.a(lib_a-__atexit.o)
 .ARM.attributes
                0x000000000000033a       0x2a /usr/lib/gcc/arm-none-eabi/10.3.1/../../../arm-none-eabi/lib/libc.a(lib_a-__call_atexit.o)
 .ARM.attributes
                0x0000000000000364       0x2a /usr/lib/gcc/arm-none-eabi/10.3.1/../../../arm-none-eabi/lib/libc.a(lib_a-putc.o)
 .ARM.attributes
                0x000000000000038e       0x2a /usr/lib/gcc/arm-none-eabi/10.3.1/../../../arm-none-eabi/lib/libc.a(lib_a-wbuf.o)
 .ARM.attributes
                0x00000000000003b8       0x2a /usr/lib/gcc/arm-none-eabi/10.3.1/../../../arm-none-eabi/lib/libc.a(lib_a-wsetup.o)
 .ARM.attributes
                0x00000000000003e2       0x2a /usr/lib/gcc/arm-none-eabi/10.3.1/../../../arm-none-eabi/lib/libc.a(lib_a-fflush.o)
 .ARM.attributes
                0x000000000000040c       0x2a /usr/lib/gcc/arm-none-eabi/10.3.1/../../../arm-none-eabi/lib/libc.a(lib_a-findfp.o)
 .ARM.attributes
                0x0000000000000436       0x2a /usr/lib/gcc/arm-none-eabi/10.3.1/../../../arm-none-eabi/lib/libc.a(lib_a-freer.o)
 .ARM.attributes
                0x0000000000000460       0x2a /usr/lib/gcc/arm-none-eabi/10.3.1/../../../arm-none-eabi/lib/libc.a(lib_a-fwalk.o)
 .ARM.attributes
                0x000000000000048a       0x2a /usr/lib/gcc/arm-none-eabi/10.3.1/../../../arm-none-eabi/lib/libc.a(lib_a-makebuf.o)
 .ARM.attributes
                0x00000000000004b4       0x2a /usr/lib/gcc/arm-none-eabi/10.3.1/../../../arm-none-eabi/lib/libc.a(lib_a-mallocr.o)
 .ARM.attributes
                0x00000000000004de       0x2a /usr/lib/gcc/arm-none-eabi/10.3.1/../../../arm-none-eabi/lib/libc.a(lib_a-mlock.o)
 .ARM.attributes
                0x0000000000000508       0x2a /usr/lib/gcc/arm-none-eabi/10.3.1/../../../arm-none-eabi/lib/libc.a(lib_a-sbrkr.o)
 .ARM.attributes
                0x0000000000000532       0x2a /usr/lib/gcc/arm-none-eabi/10.3.1/../../../arm-none-eabi/lib/libc.a(lib_a-stdio.o)
 .ARM.attributes
                0x000000000000055c       0x2a /usr/lib/gcc/arm-none-eabi/10.3.1/../../../arm-none-eabi/lib/libc.a(lib_a-writer.o)
 .ARM.attributes
                0x0000000000000586       0x2a /usr/lib/gcc/arm-none-eabi/10.3.1/../../../arm-none-eabi/lib/libc.a(lib_a-closer.o)
 .ARM.attributes
                0x00000000000005b0       0x2a /usr/lib/gcc/arm-none-eabi/10.3.1/../../../arm-none-eabi/lib/libc.a(lib_a-fclose.o)
 .ARM.attributes
                0x00000000000005da       0x2a /usr/lib/gcc/arm-none-eabi/10.3.1/../../../arm-none-eabi/lib/libc.a(lib_a-fstatr.o)
 .ARM.attributes
                0x0000000000000604       0x2a /usr/lib/gcc/arm-none-eabi/10.3.1/../../../arm-none-eabi/lib/libc.a(lib_a-isattyr.o)
 .ARM.attributes
                0x000000000000062e       0x2a /usr/lib/gcc/arm-none-eabi/10.3.1/../../../arm-none-eabi/lib/libc.a(lib_a-lseekr.o)
 .ARM.attributes
                0x0000000000000658       0x2a /usr/lib/gcc/arm-none-eabi/10.3.1/../../../arm-none-eabi/lib/libc.a(lib_a-readr.o)
 .ARM.attributes
                0x0000000000000682       0x2a /usr/lib/gcc/arm-none-eabi/10.3.1/../../../arm-none-eabi/lib/libc.a(lib_a-reent.o)
 .ARM.attributes
                0x00000000000006ac       0x30 /usr/lib/gcc/arm-none-eabi/10.3.1/crtend.o
 .ARM.attributes
                0x00000000000006dc       0x1c /usr/lib/gcc/arm-none-eabi/10.3.1/crtn.o
 *(.gnu.attributes)

.note.gnu.arm.ident
 *(.note.gnu.arm.ident)

/DISCARD/
 *(.note.GNU-stack)
 *(.gnu_debuglink)
 *(.gnu.lto_*)
OUTPUT(a.out elf32-littlearm)
LOAD linker stubs
